     1                                  ;***********************************************************
     2                                  ;  マクロ
     3                                  ;***********************************************************
     4                                  %include "../include/define.s"
     1                              <1> BOOT_LOAD equ 0x7C00                    ; ブートプログラムのロード位置
     2                              <1> 
     3                              <1> BOOT_SIZE equ (1024 * 8)                ; ブートコードサイズ
     4                              <1> SECT_SIZE equ (512)                     ; セクタサイズ
     5                              <1> BOOT_SECT equ (BOOT_SIZE / SECT_SIZE)   ; ブートプログラムのセクタ数
     6                              <1> 
     7                              <1> E820_RECORD_SIZE equ 20
     5                                  %include "../include/macro.s"
     1                              <1> %macro cdecl 1-*.nolist
     2                              <1> 
     3                              <1>     %rep %0 - 1
     4                              <1>         push %{-1:-1}
     5                              <1>         %rotate - 1
     6                              <1>     %endrep
     7                              <1>     %rotate - 1
     8                              <1> 
     9                              <1>         call %1
    10                              <1> 
    11                              <1>     %if 1 < %0
    12                              <1>         add sp, (__BITS__ >> 3) * (%0 - 1)
    13                              <1>     %endif
    14                              <1> 
    15                              <1> %endmacro
    16                              <1> 
    17                              <1> struc drive
    18 00000000 <res 00000002>      <1>     .no resw 1      ; ドライブ番号
    19 00000002 <res 00000002>      <1>     .cyln resw 1    ; シリンダ
    20 00000004 <res 00000002>      <1>     .head resw 1    ; ヘッド
    21 00000006 <res 00000002>      <1>     .sect resw 1    ; セクタ
    22                              <1> endstruc
     6                                  
     7                                          ORG BOOT_LOAD
     8                                  
     9                                  ;***********************************************************
    10                                  ;  エントリポイント
    11                                  ;***********************************************************
    12                                  entry:
    13                                          ;------------------------------------------
    14                                          ; BPB(BIOS Parameter Block)
    15                                          ;------------------------------------------
    16 00000000 EB58                            jmp ipl
    17 00000002 90<rept>                        times 90 - ($ - $$) db 0x90
    18                                  
    19                                          ;------------------------------------------
    20                                          ; IPL(Initial Program Loader)
    21                                          ;------------------------------------------
    22                                  ipl:
    23 0000005A FA                              cli
    24                                  
    25 0000005B B80000                          mov ax, 0x0000
    26 0000005E 8ED8                            mov ds, ax
    27 00000060 8EC0                            mov es, ax
    28 00000062 8ED0                            mov ss, ax
    29 00000064 BC007C                          mov sp, BOOT_LOAD
    30                                  
    31 00000067 FB                              sti
    32                                  
    33 00000068 8816[B800]                      mov [BOOT + drive.no], dl
    34                                  
    35                                          ;------------------------------------------
    36                                          ; 文字列を表示
    37                                          ;------------------------------------------
    38 0000006C 68[9900]E84E0083C4-             cdecl puts, .s0
    38 00000074 02                 
    39                                  
    40                                          ;------------------------------------------
    41                                          ; 残りのセクタをすべて読み込む
    42                                          ;------------------------------------------
    43 00000075 BB0F00                          mov bx, BOOT_SECT - 1
    44 00000078 B9007E                          mov cx, BOOT_LOAD + SECT_SIZE
    45                                  
    46 0000007B 515368[B800]E89B00-             cdecl read_chs, BOOT, bx, cx
    46 00000083 83C406             
    47                                  
    48 00000086 39D8                            cmp ax, bx
    49                                  .10Q:
    50 00000088 740C                            jz .10E
    51                                  .10T:
    52 0000008A 68[A600]E8300083C4-             cdecl puts, .e0
    52 00000092 02                 
    53 00000093 E84900                          call reboot
    54                                  .10E:
    55                                  
    56                                          ;------------------------------------------
    57                                          ; 次のステージへ移行
    58                                          ;------------------------------------------
    59 00000096 E96005                          jmp stage_2
    60                                  
    61                                          ;------------------------------------------
    62                                          ; データ
    63                                          ;------------------------------------------
    64 00000099 426F6F74696E672E2E-     .s0     db "Booting...", 0x0A, 0x0D, 0
    64 000000A2 2E0A0D00           
    65 000000A6 4572726F723A736563-     .e0     db "Error:sector read", 0
    65 000000AF 746F72207265616400 
    66                                  
    67                                  ;***********************************************************
    68                                  ;  ブートドライブに関する情報
    69                                  ;***********************************************************
    70                                  ALIGN 2, db 0
    71                                  BOOT:
    72                                          istruc drive
    73 000000B8 0000                                at drive.no, dw 0
    74 000000BA 0000                                at drive.cyln, dw 0
    75 000000BC 0000                                at drive.head, dw 0
    76 000000BE 0200                                at drive.sect, dw 2
    77                                          iend
    78                                  
    79                                  ;***********************************************************
    80                                  ;  モジュール
    81                                  ;***********************************************************
    82                                  %include "../modules/real/puts.s"
     1                              <1> puts:
     2                              <1>     ; スタックフレームの構築
     3 000000C0 55                  <1>     push bp
     4 000000C1 89E5                <1>     mov bp, sp
     5                              <1>     
     6                              <1>     ; レジスタの保存
     7 000000C3 50                  <1>     push ax
     8 000000C4 53                  <1>     push bx
     9 000000C5 56                  <1>     push si
    10                              <1> 
    11                              <1>     ; 引数を取得
    12 000000C6 8B7604              <1>     mov si, [bp + 4] ; SI = 文字列へのアドレス
    13                              <1> 
    14                              <1>     ; 処理の開始
    15 000000C9 B40E                <1>     mov ah, 0x0E    ; テレタイプ式1文字出力
    16 000000CB BB0000              <1>     mov bx, 0x0000  ; ページ番号と文字色を0に設定
    17 000000CE FC                  <1>     cld             ; DF = 0; // アドレス加算
    18                              <1> .10L:               ; do
    19                              <1>                     ; {
    20 000000CF AC                  <1>     lodsb           ;   AL = *SI++;
    21                              <1>                     ;
    22 000000D0 3C00                <1>     cmp al, 0       ; if (0 == AL)
    23 000000D2 7404                <1>     je .10E         ;   break;
    24                              <1>                     ;
    25 000000D4 CD10                <1>     int 0x10        ; int 10(0x0E, AL); // 文字出力
    26 000000D6 EBF7                <1>     jmp .10L        ;
    27                              <1> .10E:               ; } while (1);
    28                              <1> 
    29                              <1>     ; レジスタの復帰
    30 000000D8 5E                  <1>     pop si
    31 000000D9 5B                  <1>     pop bx
    32 000000DA 58                  <1>     pop ax
    33                              <1> 
    34                              <1>     ; スタックフレームの破棄
    35 000000DB 89EC                <1>     mov sp, bp
    36 000000DD 5D                  <1>     pop bp
    37                              <1> 
    38 000000DE C3                  <1>     ret
    83                                  %include "../modules/real/reboot.s"
     1                              <1> reboot:
     2                              <1>         ; メッセージを表示
     3 000000DF 68[FB00]E8DBFF83C4- <1>         cdecl puts, .s0 ; // 再起動メッセージを表示
     3 000000E7 02                  <1>
     4                              <1> 
     5                              <1>         ; キー入力待ち
     6                              <1> .10L:                   ; do
     7                              <1>                         ; {
     8 000000E8 B410                <1>         mov ah, 0x10    ;   // キー入力待ち
     9 000000EA CD16                <1>         int 0x16        ;   AL = BIOS(0x16, 0x10);
    10                              <1>                         ;
    11 000000EC 3C20                <1>         cmp al, ' '     ;   ZF = AL === ' ';
    12 000000EE 75F8                <1>         jne .10L        ; }
    13                              <1> 
    14                              <1>         ; 改行を出力
    15 000000F0 68[1901]E8CAFF83C4- <1>         cdecl puts, .s1 ; 改行
    15 000000F8 02                  <1>
    16                              <1> 
    17                              <1>         ; 再起動
    18 000000F9 CD19                <1>         int 0x19        ; BIOS(0x19); reboot();
    19                              <1> 
    20                              <1>         ; 文字列データ
    21 000000FB 0A0D50757368205350- <1> .s0 db 0x0A, 0x0D, "Push SPACE key to reboot...", 0
    21 00000104 414345206B65792074- <1>
    21 0000010D 6F207265626F6F742E- <1>
    21 00000116 2E2E00              <1>
    22 00000119 0A0D0A0D00          <1> .s1 db 0x0A, 0x0D, 0x0A, 0x0D, 0
    84                                  %include "../modules/real/read_chs.s"
     1                              <1> read_chs:
     2                              <1>     ; スタックフレームの構築
     3                              <1>                 ;     +8| コピー先
     4                              <1>                 ;     +6| セクタ数
     5                              <1>                 ;     +4| パラメータバッファ
     6                              <1>                 ; ------+----------------
     7                              <1>                 ;     +2| IP（戻り番地)
     8 0000011E 55                  <1>     push bp     ; BP + 0| BP（元の値）
     9 0000011F 89E5                <1>     mov bp, sp  ; ------+----------------
    10 00000121 6A03                <1>     push 3      ;     -2| retry = 3; // リトライ回数
    11 00000123 6A00                <1>     push 0      ;     -4| sect = 0; // 読み込みセクタ数
    12                              <1> 
    13                              <1>     ; レジスタの保存
    14 00000125 53                  <1>     push bx
    15 00000126 51                  <1>     push cx
    16 00000127 52                  <1>     push dx
    17 00000128 06                  <1>     push es
    18 00000129 56                  <1>     push si
    19                              <1> 
    20                              <1>     ; 処理の開始
    21 0000012A 8B7604              <1>     mov si, [bp + 4]    ; SI = SRCバッファ;
    22                              <1> 
    23                              <1>     ; CXレジスタの保存
    24                              <1>     ; (BIOSコールの呼び出しに適した形に変換)
    25 0000012D 8A6C02              <1>     mov ch, [si + drive.cyln + 0]   ; CH = シリンダ番号（下位バイト）
    26 00000130 8A4C03              <1>     mov cl, [si + drive.cyln + 1]   ; CL = シリンダ番号（上位バイト）
    27 00000133 C0E106              <1>     shl cl, 6                       ; CL <<= 6; // 最上位2ビットにシフト
    28 00000136 0A4C06              <1>     or cl, [si + drive.sect]        ; CL |= セクタ番号;
    29                              <1> 
    30                              <1>     ; セクタ読み込み
    31 00000139 8A7404              <1>     mov dh, [si + drive.head]       ; DH = ヘッド番号;
    32 0000013C 8A14                <1>     mov dl, [si + 0]                ; DL = ドライブ番号;
    33 0000013E B80000              <1>     mov ax, 0x0000                  ; AX = 0x0000;
    34 00000141 8EC0                <1>     mov es, ax                      ; ES = セグメント
    35 00000143 8B5E08              <1>     mov bx, [bp + 8]                ; BX = コピー先;
    36                              <1> .10L:                               ; do
    37                              <1>                                     ; {
    38 00000146 B402                <1>     mov ah, 0x02                    ;   AH = セクタ読み込み
    39 00000148 8A4606              <1>     mov al, [bp + 6]                ;   AL = セクタ数
    40                              <1> 
    41 0000014B CD13                <1>     int 0x13                        ;   CF = BIOS(0x13, 0x02);
    42 0000014D 7304                <1>     jnc .11E                        ;   if (CF)
    43                              <1>                                     ;   {
    44 0000014F B000                <1>     mov al, 0                       ;       AL = 0;
    45 00000151 EB0C                <1>     jmp .10E                        ;       break;
    46                              <1> .11E:                               ;   }
    47                              <1> 
    48 00000153 3C00                <1>     cmp al, 0                       ;   if (読み込んだセクタがあれば)
    49 00000155 7508                <1>     jne .10E                        ;       break;
    50                              <1> 
    51 00000157 B80000              <1>     mov ax, 0                       ;   ret = 0; // 戻り値設定
    52 0000015A FF4EFE              <1>     dec word [bp - 2]               ; }
    53 0000015D 75E7                <1>     jnz .10L                        ; while (-retry);
    54                              <1> .10E:
    55 0000015F B400                <1>     mov ah, 0                       ; AH = 0; // ステータス情報は破棄
    56                              <1> 
    57                              <1>     ; レジスタの復帰　
    58 00000161 5E                  <1>     pop si
    59 00000162 07                  <1>     pop es
    60 00000163 5A                  <1>     pop dx
    61 00000164 59                  <1>     pop cx
    62 00000165 5B                  <1>     pop bx
    63                              <1> 
    64                              <1>     ; スタックフレームの破棄
    65 00000166 89EC                <1>     mov sp, bp
    66 00000168 5D                  <1>     pop bp
    67                              <1> 
    68 00000169 C3                  <1>     ret
    85                                  
    86                                  ;***********************************************************
    87                                  ;  ブートフラグ(先頭512バイトの終了)
    88                                  ;***********************************************************
    89 0000016A 00<rept>                        times 510 - ($ - $$) db 0x00
    90 000001FE 55AA                            db 0x55, 0xAA
    91                                  
    92                                  ;***********************************************************
    93                                  ;  リアルモード時に取得した情報
    94                                  ;***********************************************************
    95                                  FONT:
    96 00000200 0000                    .seg:   dw 0
    97 00000202 0000                    .off:   dw 0
    98                                  ACPI_DATA:
    99 00000204 00000000                .adr:   dd 0
   100 00000208 00000000                .len:   dd 0
   101                                  
   102                                  ;***********************************************************
   103                                  ;  モジュール(先頭512バイト以降に配置)
   104                                  ;***********************************************************
   105                                  %include "../modules/real/itoa.s"
     1                              <1> itoa:
     2                              <1>         ; スタックフレームの構築
     3 0000020C 55                  <1>         push bp
     4 0000020D 89E5                <1>         mov bp, sp
     5                              <1> 
     6                              <1>         ; レジスタの保存
     7 0000020F 50                  <1>         push ax
     8 00000210 53                  <1>         push bx
     9 00000211 51                  <1>         push cx
    10 00000212 52                  <1>         push dx
    11 00000213 56                  <1>         push si
    12 00000214 57                  <1>         push di
    13                              <1> 
    14                              <1>         ; 引数を取得
    15 00000215 8B4604              <1>         mov ax, [bp + 4]                        ; val = 数値
    16 00000218 8B7606              <1>         mov si, [bp + 6]                        ; dst = バッファアドレス
    17 0000021B 8B4E08              <1>         mov cx, [bp + 8]                        ; size = 残りバッファサイズ
    18                              <1> 
    19 0000021E 89F7                <1>         mov di, si
    20 00000220 01CF                <1>         add di, cx                              ; dst = &dst[size - 1]
    21 00000222 4F                  <1>         dec di
    22                              <1> 
    23 00000223 8B5E0C              <1>         mov bx, word[bp + 12]                   ; flags = オプション
    24                              <1> 
    25                              <1>         ; 符号付き判定
    26 00000226 F7C30100            <1>         test bx, 0b0001
    27                              <1> .10Q:
    28 0000022A 7408                <1>         je .10E
    29 0000022C 83F800              <1>         cmp ax, 0
    30                              <1> .12Q:
    31 0000022F 7D03                <1>         jge .12E
    32 00000231 83CB02              <1>         or bx, 0b0010
    33                              <1> .12E:
    34                              <1> .10E:
    35                              <1> 
    36                              <1>         ; 符号出力判定
    37 00000234 F7C30200            <1>         test bx, 0b0010
    38                              <1> .20Q:
    39 00000238 7410                <1>         je .20E
    40 0000023A 83F800              <1>         cmp ax, 0
    41                              <1> .22Q:
    42 0000023D 7D07                <1>         jge .22F
    43 0000023F F7D8                <1>         neg ax
    44 00000241 C6042D              <1>         mov [si], byte '-'
    45 00000244 EB03                <1>         jmp .22E
    46                              <1> .22F:
    47 00000246 C6042B              <1>         mov [si], byte '+'
    48                              <1> .22E:
    49 00000249 49                  <1>         dec cx
    50                              <1> .20E:
    51                              <1> 
    52                              <1>         ; ASCII変換
    53 0000024A 8B5E0A              <1>         mov bx, [bp + 10]
    54                              <1> .30L:
    55 0000024D BA0000              <1>         mov dx, 0
    56 00000250 F7F3                <1>         div bx
    57                              <1> 
    58 00000252 89D6                <1>         mov si, dx
    59 00000254 8A94[7C02]          <1>         mov dl, byte[.ascii + si]
    60                              <1> 
    61 00000258 8815                <1>         mov [di], dl
    62 0000025A 4F                  <1>         dec di
    63                              <1> 
    64 0000025B 83F800              <1>         cmp ax, 0
    65 0000025E E0ED                <1>         loopnz .30L
    66                              <1> .30E:
    67                              <1> 
    68                              <1>         ; 空欄を埋める
    69 00000260 83F900              <1>         cmp cx, 0
    70                              <1> .40Q:
    71 00000263 740D                <1>         je .40E
    72 00000265 B020                <1>         mov al, ' '
    73 00000267 837E0C04            <1>         cmp [bp + 12], word 0b0100
    74                              <1> .42Q:
    75 0000026B 7502                <1>         jne .42E
    76 0000026D B030                <1>         mov al, '0'
    77                              <1> .42E:
    78 0000026F FD                  <1>         std
    79 00000270 F3AA                <1>         rep stosb
    80                              <1> .40E:
    81                              <1> 
    82                              <1>         ; レジスタの復帰
    83 00000272 5F                  <1>         pop di
    84 00000273 5E                  <1>         pop si
    85 00000274 5A                  <1>         pop dx
    86 00000275 59                  <1>         pop cx
    87 00000276 5B                  <1>         pop bx
    88 00000277 58                  <1>         pop ax
    89                              <1> 
    90                              <1>         ; 【スタックフレームの破棄】
    91 00000278 89EC                <1>         mov sp, bp
    92 0000027A 5D                  <1>         pop bp
    93                              <1> 
    94 0000027B C3                  <1>         ret
    95                              <1> 
    96 0000027C 303132333435363738- <1> .ascii db "0123456789ABCDEF"
    96 00000285 39414243444546      <1>
   106                                  %include "../modules/real/get_drive_param.s"
     1                              <1> get_drive_param:
     2                              <1>     ; スタックフレームの構築
     3                              <1>                 ;    + 4 | パラメータバッファ
     4                              <1>                 ;    + 2 | IP(戻り番地)
     5 0000028C 55                  <1>     push bp     ; BP + 0 | BP(元の値)
     6 0000028D 89E5                <1>     mov bp, sp  ; -------+----------------
     7                              <1> 
     8                              <1>     ; レジスタの保存
     9 0000028F 53                  <1>     push bx
    10 00000290 51                  <1>     push cx
    11 00000291 06                  <1>     push es
    12 00000292 56                  <1>     push si
    13 00000293 57                  <1>     push di
    14                              <1> 
    15                              <1>     ; 処理の開始
    16 00000294 8B7604              <1>     mov si, [bp + 4]            ; SI = バッファ
    17                              <1> 
    18 00000297 B80000              <1>     mov ax, 0                   ; Disk Base Table Pointerの初期化
    19 0000029A 8EC0                <1>     mov es, ax                  ; ES = 0;
    20 0000029C 89C7                <1>     mov di, ax                  ; DI = 0;
    21                              <1> 
    22 0000029E B408                <1>     mov ah, 8                   ; // get drive parameters
    23 000002A0 8B3C                <1>     mov di, [si + drive.no]     ; DL = ドライブ番号
    24 000002A2 CD13                <1>     int 0x13                    ; CF = BIOS(0x13, 8);
    25 000002A4 721B                <1> .10Q: jc .10F                   ; if (0 == CF)
    26                              <1> .10T:                           ; {
    27 000002A6 88C8                <1>     mov al, cl                  ;   AX = セクタ数
    28 000002A8 83E03F              <1>     and ax, 0x3F                ;   // 下位6ビットのみ有効
    29                              <1> 
    30 000002AB C0E906              <1>     shr cl, 6                   ;   CX = シリンダ数
    31 000002AE C1C908              <1>     ror cx, 8                   ;
    32 000002B1 41                  <1>     inc cx                      ;
    33                              <1> 
    34 000002B2 0FB6DE              <1>     movzx bx, dh                ;   BX = ヘッド数(1ベース)
    35 000002B5 43                  <1>     inc bx                      ;
    36                              <1> 
    37 000002B6 894C02              <1>     mov [si + drive.cyln], cx   ;   drive.syln = CX; // C:シリンダ数
    38 000002B9 895C04              <1>     mov [si + drive.head], bx   ;   drive.head = BX; // H:ヘッド数
    39 000002BC 894406              <1>     mov [si + drive.sect], ax   ;   drive.sect = AX; // S:セクト数
    40                              <1> 
    41 000002BF EB03                <1>     jmp .10E                    ; }
    42                              <1> .10F:                           ; else
    43                              <1>                                 ; {
    44 000002C1 B80000              <1>     mov ax, 0                   ;   AX = 0; // 失敗
    45                              <1> .10E:                           ; }
    46                              <1> 
    47                              <1>     ; レジスタの復帰
    48 000002C4 5F                  <1>     pop di
    49 000002C5 5E                  <1>     pop si
    50 000002C6 07                  <1>     pop es
    51 000002C7 59                  <1>     pop cx
    52 000002C8 5B                  <1>     pop bx
    53                              <1> 
    54                              <1>     ; スタックフレームの破棄
    55 000002C9 89EC                <1>     mov sp, bp
    56 000002CB 5D                  <1>     pop bp
    57                              <1> 
    58 000002CC C3                  <1>     ret
   107                                  %include "../modules/real/get_font_adr.s"
     1                              <1> get_font_adr:
     2                              <1>     ; スタックフレームの構築
     3                              <1>                         ; -------+---------------------
     4                              <1>                         ;    + 4 | フォントアドレス格納位置
     5                              <1>                         ;    + 2 | IP
     6 000002CD 55                  <1>     push bp             ; BP + 0 | BP
     7 000002CE 89E5                <1>     mov bp, sp          ; -------+---------------------
     8                              <1> 
     9                              <1>     ; レジスタの保存
    10 000002D0 50                  <1>     push ax
    11 000002D1 53                  <1>     push bx
    12 000002D2 56                  <1>     push si
    13 000002D3 06                  <1>     push es
    14 000002D4 55                  <1>     push bp
    15                              <1> 
    16                              <1>     ; 引数を取得
    17 000002D5 8B7604              <1>     mov si, [bp + 4]    ; dst = FONTアドレスの保存先;
    18                              <1> 
    19                              <1>     ; フォントアドレスの取得
    20 000002D8 B83011              <1>     mov ax, 0x1130      ; //フォントアドレスの取得
    21 000002DB B706                <1>     mov bh, 0x06        ; 8x16 font(vga/mcga)
    22 000002DD CD10                <1>     int 10h             ; ES:BP=FONT ADDRESS
    23                              <1> 
    24                              <1>     ; FONTアドレスを保存
    25 000002DF 8C04                <1>     mov [si + 0], es    ; dst[0] = セグメンt;
    26 000002E1 896C02              <1>     mov [si + 2], bp    ; dst[1] = オフセット;
    27                              <1> 
    28                              <1>     ; レジスタの復帰
    29 000002E4 5D                  <1>     pop bp
    30 000002E5 07                  <1>     pop es
    31 000002E6 5E                  <1>     pop si
    32 000002E7 5B                  <1>     pop bx
    33 000002E8 58                  <1>     pop ax
    34                              <1> 
    35                              <1>     ; スタックフレームの破棄
    36 000002E9 89EC                <1>     mov sp, bp
    37 000002EB 5D                  <1>     pop bp
    38                              <1> 
    39 000002EC C3                  <1>     ret
   108                                  %include "../modules/real/get_mem_info.s"
     1                              <1> get_mem_info:
     2                              <1>         ;-----------------------------------------
     3                              <1>         ; 【レジスタの保存】
     4                              <1>         ;-----------------------------------------
     5 000002ED 6650                <1>         push eax
     6 000002EF 6653                <1>         push ebx
     7 000002F1 6651                <1>         push ecx
     8 000002F3 6652                <1>         push edx
     9 000002F5 56                  <1>         push si
    10 000002F6 57                  <1>         push di
    11 000002F7 55                  <1>         push bp
    12                              <1> 
    13                              <1> ALIGN 4, db 0
    14 000002F8 00<rept>            <1> .b0:    times E820_RECORD_SIZE db 0
    15                              <1> 
    16 0000030C 68[A003]E8AEFD83C4- <1>         cdecl puts, .s0
    16 00000314 02                  <1>
    17                              <1> 
    18                              <1>         ; メモリ情報を取得する
    19 00000315 BD0000              <1>         mov bp, 0
    20 00000318 66BB00000000        <1>         mov ebx, 0
    21                              <1> .10L:
    22 0000031E 66B820E80000        <1>         mov eax, 0x0000E820
    23 00000324 66B914000000        <1>         mov ecx, E820_RECORD_SIZE
    24 0000032A 66BA50414D53        <1>         mov edx, 'PAMS'
    25 00000330 BF[F802]            <1>         mov di, .b0
    26 00000333 CD15                <1>         int 0x15
    27                              <1> 
    28                              <1>         ; コマンドに対応か？
    29 00000335 663D50414D53        <1>         cmp eax, 'PAMS'
    30 0000033B 7402                <1>         je .12E
    31 0000033D EB4C                <1>         jmp .10E
    32                              <1> .12E:
    33                              <1>         ; エラーなし？
    34 0000033F 7302                <1>         jnc .14E
    35 00000341 EB48                <1>         jmp .10E
    36                              <1> .14E:
    37                              <1>         ; 1レコード分のメモリ情報を表示
    38 00000343 57E8E40083C402      <1>         cdecl put_mem_info, di
    39                              <1> 
    40                              <1>         ; ACPI dataのアドレスを取得
    41 0000034A 668B4510            <1>         mov eax, [di + 16]
    42 0000034E 6683F803            <1>         cmp eax, 3
    43 00000352 750F                <1>         jne .15E
    44                              <1> 
    45 00000354 668B05              <1>         mov eax, [di + 0]
    46 00000357 66A3[0402]          <1>         mov [ACPI_DATA.adr], eax
    47                              <1> 
    48 0000035B 668B4508            <1>         mov eax, [di + 8]
    49 0000035F 66A3[0802]          <1>         mov [ACPI_DATA.len], eax
    50                              <1> .15E:
    51 00000363 6683FB00            <1>         cmp ebx, 0
    52 00000367 741C                <1>         jz .16E
    53                              <1> 
    54 00000369 45                  <1>         inc bp
    55 0000036A 83E507              <1>         and bp, 0x07
    56 0000036D 7516                <1>         jnz .16E
    57                              <1> 
    58 0000036F 68[1304]E84BFD83C4- <1>         cdecl puts, .s2
    58 00000377 02                  <1>
    59                              <1> 
    60 00000378 B410                <1>         mov ah, 0x10
    61 0000037A CD16                <1>         int 0x16
    62                              <1> 
    63 0000037C 68[1E04]E83EFD83C4- <1>         cdecl puts, .s3
    63 00000384 02                  <1>
    64                              <1> .16E:
    65 00000385 6683FB00            <1>         cmp ebx, 0
    66 00000389 7593                <1>         jne .10L
    67                              <1> .10E:
    68 0000038B 68[E303]E82FFD83C4- <1>         cdecl puts, .s1
    68 00000393 02                  <1>
    69                              <1> 
    70                              <1>         ;-----------------------------------------
    71                              <1>         ; 【レジスタの復帰】
    72                              <1>         ;-----------------------------------------
    73 00000394 5D                  <1>         pop bp
    74 00000395 5F                  <1>         pop di
    75 00000396 5E                  <1>         pop si
    76 00000397 665A                <1>         pop edx
    77 00000399 6659                <1>         pop ecx
    78 0000039B 665B                <1>         pop ebx
    79 0000039D 6658                <1>         pop eax
    80                              <1> 
    81 0000039F C3                  <1>         ret
    82                              <1> 
    83                              <1>         ;------------------------------------------
    84                              <1>         ; データ
    85                              <1>         ;------------------------------------------
    86 000003A0 2045383230204D656D- <1> .s0:	db " E820 Memory Map:", 0x0A, 0x0D
    86 000003A9 6F7279204D61703A0A- <1>
    86 000003B2 0D                  <1>
    87 000003B3 20426173655F5F5F5F- <1> 	db " Base_____________ Length___________ Type____", 0x0A, 0x0D, 0
    87 000003BC 5F5F5F5F5F5F5F5F5F- <1>
    87 000003C5 204C656E6774685F5F- <1>
    87 000003CE 5F5F5F5F5F5F5F5F5F- <1>
    87 000003D7 20547970655F5F5F5F- <1>
    87 000003E0 0A0D00              <1>
    88 000003E3 202D2D2D2D2D2D2D2D- <1> .s1:	db " ----------------- ----------------- --------", 0x0A, 0x0D, 0
    88 000003EC 2D2D2D2D2D2D2D2D2D- <1>
    88 000003F5 202D2D2D2D2D2D2D2D- <1>
    88 000003FE 2D2D2D2D2D2D2D2D2D- <1>
    88 00000407 202D2D2D2D2D2D2D2D- <1>
    88 00000410 0A0D00              <1>
    89 00000413 203C6D6F72652E2E2E- <1> .s2:    db " <more...>", 0
    89 0000041C 3E00                <1>
    90 0000041E 0D2020202020202020- <1> .s3:    db 0x0D, "          ", 0x0D, 0
    90 00000427 20200D00            <1>
    91                              <1> 
    92                              <1> put_mem_info:
    93                              <1>         ;------------------------------------------
    94                              <1>         ; 【スタックフレームの構築】
    95                              <1>         ;------------------------------------------
    96 0000042B 55                  <1>         push bp
    97 0000042C 89E5                <1>         mov bp, sp
    98                              <1> 
    99                              <1>         ;-----------------------------------------
   100                              <1>         ; 【レジスタの保存】
   101                              <1>         ;-----------------------------------------
   102 0000042E 53                  <1>         push bx
   103 0000042F 56                  <1>         push si
   104                              <1> 
   105                              <1>         ;-----------------------------------------
   106                              <1>         ; 引数を取得
   107                              <1>         ;-----------------------------------------
   108 00000430 8B7604              <1>         mov si, [bp + 4]
   109                              <1> 
   110                              <1>         ;-----------------------------------------
   111                              <1>         ; レコードの表示
   112                              <1>         ;-----------------------------------------
   113                              <1>         ; Base(64bit)
   114 00000433 6A046A106A0468-     <1>         cdecl itoa, word[si + 6], .p2 + 0, 4, 16, 0b0100
   114 0000043A [0A05]FF7406E8CAFD- <1>
   114 00000442 83C40A              <1>
   115 00000445 6A046A106A0468-     <1>         cdecl itoa, word[si + 4], .p2 + 4, 4, 16, 0b0100
   115 0000044C [0E05]FF7404E8B8FD- <1>
   115 00000454 83C40A              <1>
   116 00000457 6A046A106A0468-     <1>         cdecl itoa, word[si + 2], .p3 + 0, 4, 16, 0b0100
   116 0000045E [1305]FF7402E8A6FD- <1>
   116 00000466 83C40A              <1>
   117 00000469 6A046A106A0468-     <1>         cdecl itoa, word[si + 0], .p3 + 4, 4, 16, 0b0100
   117 00000470 [1705]FF34E895FD83- <1>
   117 00000478 C40A                <1>
   118                              <1> 
   119                              <1>         ; Length(64bit)
   120 0000047A 6A046A106A0468-     <1>         cdecl itoa, word[si + 14], .p4 + 0, 4, 16, 0b0100
   120 00000481 [1C05]FF740EE883FD- <1>
   120 00000489 83C40A              <1>
   121 0000048C 6A046A106A0468-     <1>         cdecl itoa, word[si + 12], .p4 + 4, 4, 16, 0b0100
   121 00000493 [2005]FF740CE871FD- <1>
   121 0000049B 83C40A              <1>
   122 0000049E 6A046A106A0468-     <1>         cdecl itoa, word[si + 10], .p5 + 0, 4, 16, 0b0100
   122 000004A5 [2505]FF740AE85FFD- <1>
   122 000004AD 83C40A              <1>
   123 000004B0 6A046A106A0468-     <1>         cdecl itoa, word[si + 8], .p5 + 4, 4, 16, 0b0100
   123 000004B7 [2905]FF7408E84DFD- <1>
   123 000004BF 83C40A              <1>
   124                              <1> 
   125                              <1>         ; Type(32bit)
   126 000004C2 6A046A106A0468-     <1>         cdecl itoa, word[si + 18], .p6 + 0, 4, 16, 0b0100
   126 000004C9 [2E05]FF7412E83BFD- <1>
   126 000004D1 83C40A              <1>
   127 000004D4 6A046A106A0468-     <1>         cdecl itoa, word[si + 16], .p6 + 4, 4, 16, 0b0100
   127 000004DB [3205]FF7410E829FD- <1>
   127 000004E3 83C40A              <1>
   128                              <1> 
   129 000004E6 68[0905]E8D4FB83C4- <1>         cdecl puts, .s1
   129 000004EE 02                  <1>
   130                              <1> 
   131 000004EF 8B5C10              <1>         mov bx, [si + 16]
   132 000004F2 83E307              <1>         and bx, 0x07
   133 000004F5 D1E3                <1>         shl bx, 1
   134 000004F7 81C3[8B05]          <1>         add bx, .t0
   135 000004FB FF37E8C0FB83C402    <1>         cdecl puts, word[bx]
   136                              <1> 
   137                              <1>         ;-----------------------------------------
   138                              <1>         ; 【レジスタの復帰】
   139                              <1>         ;-----------------------------------------
   140 00000503 5E                  <1>         pop si
   141 00000504 5B                  <1>         pop bx
   142                              <1> 
   143                              <1>         ;-----------------------------------------
   144                              <1>         ; 【スタックフレームの破棄】
   145                              <1>         ;-----------------------------------------
   146 00000505 89EC                <1>         mov sp, bp
   147 00000507 5D                  <1>         pop bp
   148                              <1> 
   149 00000508 C3                  <1>         ret
   150                              <1> 
   151                              <1>         ;------------------------------------------
   152                              <1>         ; データ
   153                              <1>         ;------------------------------------------
   154 00000509 20                  <1> .s1:    db " "
   155 0000050A 5A5A5A5A5A5A5A5A5F  <1> .p2:    db "ZZZZZZZZ_"
   156 00000513 5A5A5A5A5A5A5A5A20  <1> .p3:    db "ZZZZZZZZ "
   157 0000051C 5A5A5A5A5A5A5A5A5F  <1> .p4:    db "ZZZZZZZZ_"
   158 00000525 5A5A5A5A5A5A5A5A20  <1> .p5:    db "ZZZZZZZZ "
   159 0000052E 5A5A5A5A5A5A5A5A00  <1> .p6:    db "ZZZZZZZZ", 0
   160                              <1> 
   161 00000537 2028556E6B6E6F776E- <1> .s4:    db " (Unknown)", 0x0A, 0x0D, 0
   161 00000540 290A0D00            <1>
   162 00000544 2028757361626C6529- <1> .s5:    db " (usable)", 0x0A, 0x0D, 0
   162 0000054D 0A0D00              <1>
   163 00000550 202872657365727665- <1> .s6:    db " (reserved)", 0x0A, 0x0D, 0
   163 00000559 64290A0D00          <1>
   164 0000055E 202841435049206461- <1> .s7:    db " (ACPI data)", 0x0A, 0x0D, 0
   164 00000567 7461290A0D00        <1>
   165 0000056D 202841435049204E56- <1> .s8:    db " (ACPI NVS)", 0x0A, 0x0D, 0
   165 00000576 53290A0D00          <1>
   166 0000057B 2028626164206D656D- <1> .s9:    db " (bad memory)", 0x0A, 0x0D, 0
   166 00000584 6F7279290A0D00      <1>
   167                              <1> 
   168 0000058B [3705][4405][5005]- <1> .t0: dw .s4, .s5, .s6, .s7, .s8, .s9, .s4, .s4
   168 00000591 [5E05][6D05][7B05]- <1>
   168 00000597 [3705][3705]        <1>
   109                                  %include "../modules/real/kbc.s"
     1                              <1> KBC_Data_Write:
     2                              <1>     ;----------------------------
     3                              <1>     ; スタックフレームの構築
     4                              <1>     ;----------------------------
     5                              <1>                                     ;    + 4 | データ
     6                              <1>                                     ;    + 2 | IP(戻り値)
     7 0000059B 55                  <1>     push bp                         ; BP + 0 | BP(元の値)
     8 0000059C 89E5                <1>     mov bp, sp                      ;--------+-----------
     9                              <1> 
    10                              <1>     ;----------------------------
    11                              <1>     ; レジスタの保存
    12                              <1>     ;----------------------------
    13 0000059E 51                  <1>     push cx
    14                              <1> 
    15                              <1> 
    16 0000059F B90000              <1>     mov cx, 0                       ; cx = 0; // 最大カウント値
    17                              <1> .10L:                               ; do 
    18                              <1>                                     ; {
    19 000005A2 E464                <1>     in al, 0x64                     ;   AL = inp(0x64); // KBCステータス
    20 000005A4 A802                <1>     test al, 0x02                   ;   ZF = AL & 0x02; // 書き込み可能?
    21 000005A6 E0FA                <1>     loopnz .10L                     ; } while (--CX && !ZF);
    22                              <1> 
    23 000005A8 83F900              <1>     cmp cx, 0                       ; if (CX) // 未タイムアウト
    24 000005AB 7405                <1>     jz .20E                         ; {
    25                              <1> 
    26 000005AD 8A4604              <1>     mov al, [bp + 4]                ;   AL = データ;
    27 000005B0 E660                <1>     out 0x60, al                    ;   outp(0x60, AL);
    28                              <1> .20E:                               ; }
    29                              <1> 
    30 000005B2 89C8                <1>     mov ax, cx
    31                              <1> 
    32                              <1>     ;----------------------------
    33                              <1>     ; レジスタの復帰
    34                              <1>     ;----------------------------   
    35 000005B4 59                  <1>     pop cx
    36                              <1> 
    37                              <1>     ;----------------------------
    38                              <1>     ; ステックフレームの破棄
    39                              <1>     ;----------------------------
    40 000005B5 89EC                <1>     mov sp, bp
    41 000005B7 5D                  <1>     pop bp
    42                              <1> 
    43 000005B8 C3                  <1>     ret
    44                              <1> 
    45                              <1> KBC_Data_Read:
    46                              <1>     ;----------------------------
    47                              <1>     ; スタックフレームの構築
    48                              <1>     ;----------------------------
    49                              <1>                                     ;    + 4 | データ
    50                              <1>                                     ;    + 2 | IP(戻り値)
    51 000005B9 55                  <1>     push bp                         ; BP + 0 | BP(元の値)
    52 000005BA 89E5                <1>     mov bp, sp                      ;--------+-----------
    53                              <1> 
    54                              <1>     ;----------------------------
    55                              <1>     ; レジスタの保存
    56                              <1>     ;----------------------------
    57 000005BC 51                  <1>     push cx
    58                              <1> 
    59 000005BD B90000              <1>     mov cx, 0                       ; cx = 0; // 最大カウント値
    60                              <1> .10L:                               ; do
    61                              <1>                                     ; {
    62 000005C0 E464                <1>     in al, 0x64                     ;   AL = inp(0x64); // KBCステータス
    63 000005C2 A801                <1>     test al, 0x01                   ;   ZF = AL & 0x01; // 読み込み可能?
    64 000005C4 E1FA                <1>     loopz .10L                     ; } while (--CX && !ZF);
    65                              <1> 
    66 000005C6 83F900              <1>     cmp cx, 0                       ; if (CX) // 未タイムアウト
    67 000005C9 7409                <1>     jz .20E                         ; {
    68                              <1>                                     ;
    69 000005CB B400                <1>     mov ah, 0x00                    ;   AH = 0x00;
    70 000005CD E460                <1>     in al, 0x60                     ;   AL = inp(0x60); // データ取得
    71                              <1> 
    72 000005CF 8B7E04              <1>     mov di, [bp + 4]                ;   DI = ptr;
    73 000005D2 8905                <1>     mov [di + 0], ax                ;   DI[0] = AX;
    74                              <1> .20E:                               ; }
    75                              <1> 
    76 000005D4 89C8                <1>     mov ax, cx                      ; return CX;
    77                              <1> 
    78                              <1>     ;----------------------------
    79                              <1>     ; レジスタの復帰
    80                              <1>     ;----------------------------   
    81 000005D6 59                  <1>     pop cx
    82                              <1> 
    83                              <1>     ;----------------------------
    84                              <1>     ; ステックフレームの破棄
    85                              <1>     ;----------------------------
    86 000005D7 89EC                <1>     mov sp, bp
    87 000005D9 5D                  <1>     pop bp
    88                              <1> 
    89 000005DA C3                  <1>     ret
    90                              <1> 
    91                              <1> KBC_Cmd_Write:
    92                              <1>     ;----------------------------
    93                              <1>     ; スタックフレームの構築
    94                              <1>     ;----------------------------
    95                              <1>                                     ;    + 4 | データ
    96                              <1>                                     ;    + 2 | IP(戻り値)
    97 000005DB 55                  <1>     push bp                         ; BP + 0 | BP(元の値)
    98 000005DC 89E5                <1>     mov bp, sp                      ;--------+-----------
    99                              <1> 
   100                              <1>     ;----------------------------
   101                              <1>     ; レジスタの保存
   102                              <1>     ;----------------------------
   103 000005DE 51                  <1>     push cx
   104                              <1> 
   105 000005DF B90000              <1>     mov cx, 0                       ; cx = 0; // 最大カウント値
   106                              <1> .10L:                               ; do
   107                              <1>                                     ; {
   108 000005E2 E464                <1>     in al, 0x64                     ;   AL = inp(0x64); // KBCステータス
   109 000005E4 A802                <1>     test al, 0x02                   ;   ZF = AL & 0x01; // 読み込み可能?
   110 000005E6 E0FA                <1>     loopnz .10L                     ; } while (--CX && !ZF);
   111                              <1> 
   112 000005E8 83F900              <1>     cmp cx, 0                       ; if (CX) // 未タイムアウト
   113 000005EB 7405                <1>     jz .20E                         ; {
   114                              <1>                                     ;
   115 000005ED 8A4604              <1>     mov al, [bp + 4]                ;   AL = コマンド
   116 000005F0 E664                <1>     out 0x64, al                    ;   outp(0x64, AL);
   117                              <1> .20E:                               ; }
   118                              <1> 
   119 000005F2 89C8                <1>     mov ax, cx
   120                              <1> 
   121                              <1>     ;----------------------------
   122                              <1>     ; レジスタの復帰
   123                              <1>     ;----------------------------   
   124 000005F4 59                  <1>     pop cx
   125                              <1> 
   126                              <1>     ;----------------------------
   127                              <1>     ; ステックフレームの破棄
   128                              <1>     ;----------------------------
   129 000005F5 89EC                <1>     mov sp, bp
   130 000005F7 5D                  <1>     pop bp
   131                              <1> 
   132 000005F8 C3                  <1>     ret
   110                                  
   111                                  ;***********************************************************
   112                                  ;  ブート処理の第2ステージ
   113                                  ;***********************************************************
   114                                  stage_2:
   115                                          ;------------------------------------------
   116                                          ; 文字列を表示
   117                                          ;------------------------------------------
   118 000005F9 68[7306]E8C1FA83C4-             cdecl puts, .s0
   118 00000601 02                 
   119                                  
   120                                          ;------------------------------------------
   121                                          ; ドライブ情報を取得
   122                                          ;------------------------------------------
   123 00000602 68[B800]E884FC83C4-             cdecl get_drive_param, BOOT
   123 0000060A 02                 
   124 0000060B 83F800                          cmp ax, 0
   125                                  .10Q:
   126 0000060E 750C                            jne .10E
   127                                  .10T:
   128 00000610 68[AA06]E8AAFA83C4-             cdecl puts, .e0
   128 00000618 02                 
   129 00000619 E8C3FA                          call reboot
   130                                  .10E:
   131                                  
   132                                          ;------------------------------------------
   133                                          ; ドライブ情報を取得
   134                                          ;------------------------------------------
   135 0000061C A1[B800]                        mov ax, [BOOT + drive.no]
   136 0000061F 6A046A106A0268-                 cdecl itoa, ax, .p1, 2, 16, 0b0100
   136 00000626 [8B06]50E8E0FB83C4-
   136 0000062E 0A                 
   137 0000062F A1[BA00]                        mov ax, [BOOT + drive.cyln]
   138 00000632 6A046A106A0468-                 cdecl itoa, ax, .p2, 4, 16, 0b0100
   138 00000639 [9306]50E8CDFB83C4-
   138 00000641 0A                 
   139 00000642 A1[BC00]                        mov ax, [BOOT + drive.head]
   140 00000645 6A046A106A0268-                 cdecl itoa, ax, .p3, 2, 16, 0b0100
   140 0000064C [9D06]50E8BAFB83C4-
   140 00000654 0A                 
   141 00000655 A1[BE00]                        mov ax, [BOOT + drive.sect]
   142 00000658 6A046A106A0268-                 cdecl itoa, ax, .p4, 2, 16, 0b0100
   142 0000065F [A506]50E8A7FB83C4-
   142 00000667 0A                 
   143 00000668 68[8206]E852FA83C4-             cdecl puts, .s1
   143 00000670 02                 
   144                                  
   145                                          ;------------------------------------------
   146                                          ; 次のステージへ移行
   147                                          ;------------------------------------------
   148 00000671 EB52                            jmp stage_3rd
   149                                  
   150                                          ;------------------------------------------
   151                                          ; データ
   152                                          ;------------------------------------------
   153 00000673 326E64207374616765-     .s0     db "2nd stage...", 0x0A, 0x0D, 0
   153 0000067C 2E2E2E0A0D00       
   154 00000682 2044726976653A3078      .s1     db " Drive:0x"
   155 0000068B 20202C20433A3078        .p1     db "  , C:0x"
   156 00000693 202020202C20483A30-     .p2     db "    , H:0x"
   156 0000069C 78                 
   157 0000069D 20202C20533A3078        .p3     db "  , S:0x"
   158 000006A5 20200A0D00              .p4     db "  ", 0x0A, 0x0D, 0
   159 000006AA 43616E277420676574-     .e0     db "Can't get drive parameter.", 0
   159 000006B3 206472697665207061-
   159 000006BC 72616D657465722E00 
   160                                  
   161                                  ;***********************************************************
   162                                  ;  ブート処理の第3ステージ
   163                                  ;***********************************************************
   164                                  stage_3rd:
   165                                          ;------------------------------------------
   166                                          ; 文字列を表示
   167                                          ;------------------------------------------
   168 000006C5 68[4207]E8F5F983C4-             cdecl puts, .s0
   168 000006CD 02                 
   169                                  
   170                                          ;------------------------------------------
   171                                          ; プロテクトモードで使用するフォントは、
   172                                          ; BIOSに内蔵されたものを流用する
   173                                          ;------------------------------------------
   174 000006CE 68[0002]E8F9FB83C4-             cdecl get_font_adr, FONT
   174 000006D6 02                 
   175                                  
   176                                          ;------------------------------------------
   177                                          ; フォントアドレスの表示
   178                                          ;------------------------------------------
   179 000006D7 6A046A106A0468-                 cdecl itoa, word[FONT.seg], .p1, 4, 16, 0b0100
   179 000006DE [5F07]FF36[0002]E8-
   179 000006E5 25FB83C40A         
   180 000006EA 6A046A106A0468-                 cdecl itoa, word[FONT.off], .p2, 4, 16, 0b0100
   180 000006F1 [6407]FF36[0202]E8-
   180 000006F8 12FB83C40A         
   181 000006FD 68[5107]E8BDF983C4-             cdecl puts, .s1
   181 00000705 02                 
   182                                  
   183                                          ;------------------------------------------
   184                                          ; メモリ情報の取得と表示
   185                                          ;------------------------------------------
   186 00000706 E8E4FB                          cdecl get_mem_info
   187                                  
   188 00000709 66A1[0402]                      mov eax, [ACPI_DATA.adr]
   189 0000070D 6683F800                        cmp eax, 0
   190 00000711 742D                            je .10E
   191                                  
   192 00000713 6A046A106A0468-                 cdecl itoa, ax, .p4, 4, 16, 0b0100
   192 0000071A [7D07]50E8ECFA83C4-
   192 00000722 0A                 
   193 00000723 66C1E810                        shr eax, 16
   194 00000727 6A046A106A0468-                 cdecl itoa, ax, .p3, 4, 16, 0b0100
   194 0000072E [7907]50E8D8FA83C4-
   194 00000736 0A                 
   195 00000737 68[6E07]E883F983C4-             cdecl puts, .s2
   195 0000073F 02                 
   196                                  .10E:
   197                                  
   198                                          ;------------------------------------------
   199                                          ; 次のステージへ移行
   200                                          ;------------------------------------------
   201 00000740 EB42                            jmp stage_4
   202                                  
   203                                          ;------------------------------------------
   204                                          ; データ
   205                                          ;------------------------------------------
   206 00000742 337264207374616765-     .s0     db "3rd stage...", 0x0A, 0x0D, 0
   206 0000074B 2E2E2E0A0D00       
   207 00000751 20466F6E7420416464-     .s1     db " Font Address="
   207 0000075A 726573733D         
   208 0000075F 5A5A5A5A3A              .p1     db "ZZZZ:"
   209 00000764 5A5A5A5A0A0D00          .p2     db "ZZZZ", 0x0A, 0x0D, 0
   210 0000076B 0A0D00                          db 0x0A, 0x0D, 0
   211 0000076E 204143504920646174-     .s2     db " ACPI data="
   211 00000777 613D               
   212 00000779 5A5A5A5A                .p3     db "ZZZZ"
   213 0000077D 5A5A5A5A0A0D00          .p4     db "ZZZZ", 0x0A, 0x0D, 0
   214                                  
   215                                  ;***********************************************************
   216                                  ;  ブート処理の第4ステージ
   217                                  ;***********************************************************
   218                                  stage_4:
   219                                          ;------------------------------------------
   220                                          ; 文字列を表示
   221                                          ;------------------------------------------
   222 00000784 68[D507]E836F983C4-             cdecl puts, .s0
   222 0000078C 02                 
   223                                  
   224                                          ;------------------------------------------
   225                                          ; A20ゲートの有効化
   226                                          ;------------------------------------------
   227 0000078D FA                              cli                                         ; // 割り込み禁止
   228                                  
   229 0000078E 68AD00E847FE83C402              cdecl KBC_Cmd_Write, 0xAD                   ; // キーボード無効化
   230                                  
   231 00000797 68D000E83EFE83C402              cdecl KBC_Cmd_Write, 0xD0                   ; // 出力ポート読み出しコマンド
   232 000007A0 68[F907]E813FE83C4-             cdecl KBC_Data_Read, .key                    ; // 出力ポートデータ
   232 000007A8 02                 
   233                                  
   234 000007A9 8A1E[F907]                      mov bl, [.key]                              ; BL = key;
   235 000007AD 80CB02                          or bl, 0x02                                 ; BL |= 0x02; // A20ゲート有効化
   236                                  
   237 000007B0 68D100E825FE83C402              cdecl KBC_Cmd_Write, 0xD1                   ; // 出力ポート書き込みコマンド
   238 000007B9 53E8DEFD83C402                  cdecl KBC_Data_Write, bx                    ; // 出力ポートデータ
   239                                  
   240 000007C0 68AE00E815FE83C402              cdecl KBC_Cmd_Write, 0xAE                   ; // キーボード有効化
   241                                  
   242 000007C9 FB                              sti                                         ; // 割り込み許可
   243                                  
   244                                          ;------------------------------------------
   245                                          ; 文字列を表示
   246                                          ;------------------------------------------
   247 000007CA 68[E407]E8F0F883C4-             cdecl puts, .s1
   247 000007D2 02                 
   248                                          
   249                                          ;------------------------------------------
   250                                          ; 処理の終了
   251                                          ;------------------------------------------
   252 000007D3 EBFE                            jmp $                                       ; while (1); // 無限ループ
   253                                  
   254 000007D5 347468207374616765-     .s0: db "4th stage...", 0x0A, 0x0D, 0
   254 000007DE 2E2E2E0A0D00       
   255 000007E4 204132302047617465-     .s1: db " A20 Gate Enabled.", 0x0A, 0x0D, 0
   255 000007ED 20456E61626C65642E-
   255 000007F6 0A0D00             
   256                                  
   257 000007F9 0000                    .key: dw 0
   258                                  
   259                                  ;***********************************************************
   260                                  ;  パディング（このファイルは8Kバイトとする）
   261                                  ;***********************************************************
   262 000007FB 00<rept>                        times BOOT_SIZE - ($ - $$) db 0
