     1                                  ;***********************************************************
     2                                  ;  マクロ
     3                                  ;***********************************************************
     4                                  %include "../include/define.s"
     1                              <1> BOOT_SIZE equ (1024 * 8)                    ; ブートコードサイズ
     2                              <1> KERNEL_SIZE equ (1024 * 8)                  ; カーネルサイズ
     3                              <1> 
     4                              <1> BOOT_LOAD equ 0x7C00                        ; ブートプログラムのロード位置
     5                              <1> BOOT_END equ (BOOT_LOAD + BOOT_SIZE)
     6                              <1> 
     7                              <1> SECT_SIZE equ (512)                         ; セクタサイズ
     8                              <1> 
     9                              <1> BOOT_SECT equ (BOOT_SIZE / SECT_SIZE)       ; ブートプログラムのセクタ数
    10                              <1> KERNEL_SECT equ (KERNEL_SIZE / SECT_SIZE)
    11                              <1> 
    12                              <1> E820_RECORD_SIZE equ 20
    13                              <1> 
    14                              <1> KERNEL_LOAD equ 0x0010_1000
    15                              <1> 
     5                                  %include "../include/macro.s"
     1                              <1> %macro cdecl 1-*.nolist
     2                              <1> 
     3                              <1>     %rep %0 - 1
     4                              <1>         push %{-1:-1}
     5                              <1>         %rotate - 1
     6                              <1>     %endrep
     7                              <1>     %rotate - 1
     8                              <1> 
     9                              <1>         call %1
    10                              <1> 
    11                              <1>     %if 1 < %0
    12                              <1>         add sp, (__BITS__ >> 3) * (%0 - 1)
    13                              <1>     %endif
    14                              <1> 
    15                              <1> %endmacro
    16                              <1> 
    17                              <1> struc drive
    18 00000000 <res 00000002>      <1>     .no resw 1      ; ドライブ番号
    19 00000002 <res 00000002>      <1>     .cyln resw 1    ; シリンダ
    20 00000004 <res 00000002>      <1>     .head resw 1    ; ヘッド
    21 00000006 <res 00000002>      <1>     .sect resw 1    ; セクタ
    22                              <1> endstruc
     6                                  
     7                                          ORG KERNEL_LOAD
     8                                  
     9                                  [BITS 32]
    10                                  ;***********************************************************
    11                                  ;  エントリポイント
    12                                  ;***********************************************************
    13                                  kernel:
    14                                          ;------------------------------------------
    15                                          ; フォントアドレスを取得
    16                                          ;------------------------------------------
    17 00000000 BE007E0000                      mov esi, BOOT_LOAD + SECT_SIZE
    18 00000005 0FB706                          movzx eax, word[esi + 0]
    19 00000008 0FB75E02                        movzx ebx, word[esi + 2]
    20 0000000C C1E004                          shl eax, 4
    21 0000000F 01D8                            add eax, ebx
    22 00000011 A3[4C000000]                    mov [FONT_ADR], eax
    23                                  
    24                                          ;------------------------------------------
    25                                          ; フォントの一覧表示
    26                                          ;------------------------------------------
    27 00000016 6A0D6A3FE881010000-             cdecl draw_font, 63, 13
    27 0000001F 6683C408           
    28                                  
    29                                          ;------------------------------------------
    30                                          ; 文字列を描画
    31                                          ;------------------------------------------
    32 00000023 68[3C000000]680F01-             cdecl draw_str, 25, 14, 0x010F, .s0             ; draw_str();
    32 0000002B 00006A0E6A19E8AF01-
    32 00000034 00006683C410       
    33                                  
    34                                          ;------------------------------------------
    35                                          ; 処理の終了
    36                                          ;------------------------------------------
    37 0000003A EBFE                            jmp $
    38                                  
    39 0000003C 48656C6C6F2C206B65-     .s0 db "Hello, kernel!", 0
    39 00000045 726E656C2100       
    40                                  
    41 0000004B 00                      ALIGN 4, db 0
    42 0000004C 00000000                FONT_ADR: dd 0
    43                                  
    44                                  ;***********************************************************
    45                                  ;  モジュール
    46                                  ;***********************************************************
    47                                  %include "../modules/protect/vga.s"
     1                              <1> vga_set_read_plane:
     2                              <1>         ;-----------------------------------------
     3                              <1>         ; 【スタックフレームの構築】
     4                              <1>         ;-----------------------------------------
     5 00000050 55                  <1>         push ebp
     6 00000051 89E5                <1>         mov ebp, esp
     7                              <1> 
     8                              <1>         ;-----------------------------------------
     9                              <1>         ; 【レジスタの保存】
    10                              <1>         ;-----------------------------------------
    11 00000053 50                  <1>         push eax
    12 00000054 52                  <1>         push edx
    13                              <1> 
    14                              <1>         ;-----------------------------------------
    15                              <1>         ; 読み込みプレーンの選択
    16                              <1>         ;-----------------------------------------
    17 00000055 8A6508              <1>         mov ah, [ebp + 8]
    18 00000058 80E403              <1>         and ah, 0x03
    19 0000005B B004                <1>         mov al, 0x04
    20 0000005D 66BACE03            <1>         mov dx, 0x03CE
    21 00000061 66EF                <1>         out dx, ax
    22                              <1> 
    23                              <1>         ;-----------------------------------------
    24                              <1>         ; 【レジスタの復帰】
    25                              <1>         ;-----------------------------------------
    26 00000063 5A                  <1>         pop edx
    27 00000064 58                  <1>         pop eax
    28                              <1> 
    29                              <1>         ;-----------------------------------------
    30                              <1>         ; 【スタックフレームの破棄】
    31                              <1>         ;-----------------------------------------
    32 00000065 89EC                <1>         mov esp, ebp
    33 00000067 5D                  <1>         pop ebp
    34                              <1> 
    35 00000068 C3                  <1>         ret
    36                              <1> 
    37                              <1> vga_set_write_plane:
    38                              <1>         ;-----------------------------------------
    39                              <1>         ; 【スタックフレームの構築】
    40                              <1>         ;-----------------------------------------
    41 00000069 55                  <1>         push ebp
    42 0000006A 89E5                <1>         mov ebp, esp
    43                              <1> 
    44                              <1>         ;-----------------------------------------
    45                              <1>         ; 【レジスタの保存】
    46                              <1>         ;-----------------------------------------
    47 0000006C 50                  <1>         push eax
    48 0000006D 52                  <1>         push edx
    49                              <1> 
    50                              <1>         ;-----------------------------------------
    51                              <1>         ; 書き込みプレーンの選択
    52                              <1>         ;-----------------------------------------
    53 0000006E 8A6508              <1>         mov ah, [ebp + 8]
    54 00000071 80E40F              <1>         and ah, 0x0F
    55 00000074 B002                <1>         mov al, 0x02
    56 00000076 66BAC403            <1>         mov dx, 0x03C4
    57 0000007A 66EF                <1>         out dx, ax
    58                              <1> 
    59                              <1>         ;-----------------------------------------
    60                              <1>         ; 【レジスタの復帰】
    61                              <1>         ;-----------------------------------------
    62 0000007C 5A                  <1>         pop edx
    63 0000007D 58                  <1>         pop eax
    64                              <1> 
    65                              <1>         ;-----------------------------------------
    66                              <1>         ; 【スタックフレームの破棄】
    67                              <1>         ;-----------------------------------------
    68 0000007E 89EC                <1>         mov esp, ebp
    69 00000080 5D                  <1>         pop ebp
    70                              <1> 
    71 00000081 C3                  <1>         ret
    72                              <1> 
    73                              <1> vram_font_copy:
    74                              <1>         ;-----------------------------------------
    75                              <1>         ; 【スタックフレームの構築】
    76                              <1>         ;-----------------------------------------
    77 00000082 55                  <1>         push ebp
    78 00000083 89E5                <1>         mov ebp, esp
    79                              <1> 
    80                              <1>         ;-----------------------------------------
    81                              <1>         ; 【レジスタの保存】
    82                              <1>         ;-----------------------------------------
    83 00000085 50                  <1>         push eax
    84 00000086 53                  <1>         push ebx
    85 00000087 51                  <1>         push ecx
    86 00000088 52                  <1>         push edx
    87 00000089 56                  <1>         push esi
    88 0000008A 57                  <1>         push edi
    89                              <1> 
    90                              <1>         ;-----------------------------------------
    91                              <1>         ; マスクデータの作成
    92                              <1>         ;-----------------------------------------
    93 0000008B 8B7508              <1>         mov esi, [ebp + 8]
    94 0000008E 8B7D0C              <1>         mov edi, [ebp + 12]
    95 00000091 0FB64510            <1>         movzx eax, byte [ebp + 16]
    96 00000095 0FB75D14            <1>         movzx ebx, word [ebp + 20]
    97                              <1> 
    98 00000099 84C7                <1>         test bh, al
    99 0000009B 0F94C6              <1>         setz dh
   100 0000009E FECE                <1>         dec dh
   101                              <1> 
   102 000000A0 84C3                <1>         test bl, al
   103 000000A2 0F94C2              <1>         setz dl
   104 000000A5 FECA                <1>         dec dl
   105                              <1> 
   106                              <1>         ;-----------------------------------------
   107                              <1>         ; 16ドットフォントのコピー
   108                              <1>         ;-----------------------------------------
   109 000000A7 FC                  <1>         cld
   110                              <1> 
   111 000000A8 B910000000          <1>         mov ecx, 16
   112                              <1> .10L:
   113                              <1> 
   114                              <1>         ;-----------------------------------------
   115                              <1>         ; フォントマスクの作成
   116                              <1>         ;-----------------------------------------
   117 000000AD AC                  <1>         lodsb
   118 000000AE 88C4                <1>         mov ah, al
   119 000000B0 F6D4                <1>         not ah
   120                              <1> 
   121                              <1>         ;-----------------------------------------
   122                              <1>         ; 前景色
   123                              <1>         ;-----------------------------------------
   124 000000B2 20D0                <1>         and al, dl
   125                              <1> 
   126                              <1>         ;-----------------------------------------
   127                              <1>         ; 背景色
   128                              <1>         ;-----------------------------------------
   129 000000B4 F7C310000000        <1>         test ebx, 0x0010
   130 000000BA 7404                <1>         jz .11F
   131 000000BC 2227                <1>         and ah, [edi]
   132 000000BE EB02                <1>         jmp .11E
   133                              <1> .11F:
   134 000000C0 20F4                <1>         and ah, dh
   135                              <1> .11E:
   136                              <1> 
   137                              <1>         ;-----------------------------------------
   138                              <1>         ; 前景色と背景色をコピー
   139                              <1>         ;-----------------------------------------
   140 000000C2 08E0                <1>         or al, ah
   141                              <1> 
   142                              <1>         ;-----------------------------------------
   143                              <1>         ; 新しい値を出力
   144                              <1>         ;-----------------------------------------
   145 000000C4 8807                <1>         mov [edi], al
   146                              <1> 
   147 000000C6 83C750              <1>         add edi, 80
   148 000000C9 E2E2                <1>         loop .10L
   149                              <1> .10E:
   150                              <1> 
   151                              <1>         ;-----------------------------------------
   152                              <1>         ; 【レジスタの復帰】
   153                              <1>         ;-----------------------------------------
   154 000000CB 5F                  <1>         pop edi
   155 000000CC 5E                  <1>         pop esi
   156 000000CD 5A                  <1>         pop edx
   157 000000CE 59                  <1>         pop ecx
   158 000000CF 5B                  <1>         pop ebx
   159 000000D0 58                  <1>         pop eax
   160                              <1> 
   161                              <1>         ;-----------------------------------------
   162                              <1>         ; 【スタックフレームの破棄】
   163                              <1>         ;-----------------------------------------
   164 000000D1 89EC                <1>         mov esp, ebp
   165 000000D3 5D                  <1>         pop ebp
   166                              <1> 
   167 000000D4 C3                  <1>         ret
    48                                  %include "../modules/protect/draw_char.s"
     1                              <1> draw_char:
     2                              <1>         ;-----------------------------------------
     3                              <1>         ; 【スタックフレームの構築】
     4                              <1>         ;-----------------------------------------
     5 000000D5 55                  <1>         push ebp
     6 000000D6 89E5                <1>         mov ebp, esp
     7                              <1> 
     8                              <1>         ;-----------------------------------------
     9                              <1>         ; 【レジスタの保存】
    10                              <1>         ;-----------------------------------------
    11 000000D8 50                  <1>         push eax
    12 000000D9 53                  <1>         push ebx
    13 000000DA 51                  <1>         push ecx
    14 000000DB 52                  <1>         push edx
    15 000000DC 56                  <1>         push esi
    16 000000DD 57                  <1>         push edi
    17                              <1> 
    18                              <1>         ;-----------------------------------------
    19                              <1>         ; テストアンドセット
    20                              <1>         ;-----------------------------------------
    21                              <1> %ifdef	USE_TEST_AND_SET
    22                              <1>         cdecl test_and_set, IN_USE
    23                              <1> %endif
    24                              <1> 
    25                              <1>         ;-----------------------------------------
    26                              <1>         ; コピー元フォントアドレスを設定
    27                              <1>         ;-----------------------------------------
    28 000000DE 0FB67514            <1>         movzx esi, byte [ebp + 20]
    29 000000E2 C1E604              <1>         shl esi, 4
    30 000000E5 0335[4C000000]      <1>         add esi, [FONT_ADR]
    31                              <1> 
    32                              <1>         ;-----------------------------------------
    33                              <1>         ; コピー先アドレスを取得
    34                              <1>         ; Adr = 0xA0000 + (640 / 8 * 16) * y + x
    35                              <1>         ;-----------------------------------------
    36 000000EB 8B7D0C              <1>         mov edi, [ebp + 12]
    37 000000EE C1E708              <1>         shl edi, 8
    38 000000F1 8DBCBF00000A00      <1>         lea edi, [edi * 4 + edi + 0xA0000]
    39 000000F8 037D08              <1>         add edi, [ebp + 8]
    40                              <1> 
    41                              <1>         ;-----------------------------------------
    42                              <1>         ; 1文字分のフォントを出力
    43                              <1>         ;-----------------------------------------
    44 000000FB 0FB75D10            <1>         movzx ebx, word[ebp + 16]
    45                              <1> 
    46 000000FF 6A03E84AFFFFFF6683- <1>         cdecl vga_set_read_plane, 0x03
    46 00000108 C404                <1>
    47 0000010A 6A08E858FFFFFF6683- <1>         cdecl vga_set_write_plane, 0x08
    47 00000113 C404                <1>
    48 00000115 536A085756E863FFFF- <1>         cdecl vram_font_copy, esi, edi, 0x08, ebx
    48 0000011E FF6683C410          <1>
    49                              <1> 
    50 00000123 6A02E826FFFFFF6683- <1>         cdecl vga_set_read_plane, 0x02
    50 0000012C C404                <1>
    51 0000012E 6A04E834FFFFFF6683- <1>         cdecl vga_set_write_plane, 0x04
    51 00000137 C404                <1>
    52 00000139 536A045756E83FFFFF- <1>         cdecl vram_font_copy, esi, edi, 0x04, ebx
    52 00000142 FF6683C410          <1>
    53                              <1> 
    54 00000147 6A01E802FFFFFF6683- <1>         cdecl vga_set_read_plane, 0x01
    54 00000150 C404                <1>
    55 00000152 6A02E810FFFFFF6683- <1>         cdecl vga_set_write_plane, 0x02
    55 0000015B C404                <1>
    56 0000015D 536A025756E81BFFFF- <1>         cdecl vram_font_copy, esi, edi, 0x02, ebx
    56 00000166 FF6683C410          <1>
    57                              <1> 
    58 0000016B 6A00E8DEFEFFFF6683- <1>         cdecl vga_set_read_plane, 0x00
    58 00000174 C404                <1>
    59 00000176 6A01E8ECFEFFFF6683- <1>         cdecl vga_set_write_plane, 0x01
    59 0000017F C404                <1>
    60 00000181 536A015756E8F7FEFF- <1>         cdecl vram_font_copy, esi, edi, 0x01, ebx
    60 0000018A FF6683C410          <1>
    61                              <1> 
    62                              <1>         ;-----------------------------------------
    63                              <1>         ; 変数のクリア
    64                              <1>         ;-----------------------------------------
    65                              <1> %ifdef	USE_TEST_AND_SET
    66                              <1>         mov [IN_USE], dword 0
    67                              <1> %endif
    68                              <1> 
    69                              <1>         ;-----------------------------------------
    70                              <1>         ; 【レジスタの復帰】
    71                              <1>         ;-----------------------------------------
    72 0000018F 5F                  <1>         pop edi
    73 00000190 5E                  <1>         pop esi
    74 00000191 5A                  <1>         pop edx
    75 00000192 59                  <1>         pop ecx
    76 00000193 5B                  <1>         pop ebx
    77 00000194 58                  <1>         pop eax
    78                              <1> 
    79                              <1>         ;-----------------------------------------
    80                              <1>         ; 【スタックフレームの破棄】
    81                              <1>         ;-----------------------------------------
    82 00000195 89EC                <1>         mov esp, ebp
    83 00000197 5D                  <1>         pop ebp
    84                              <1> 
    85 00000198 C3                  <1>         ret
    86                              <1> 
    87 00000199 00<rept>            <1> ALIGN 4, db 0
    88 0000019C 00000000            <1> IN_USE:	dd 0
    49                                  %include "../modules/protect/draw_font.s"
     1                              <1> draw_font:
     2                              <1>         ;-----------------------------------------
     3                              <1>         ; 【スタックフレームの構築】
     4                              <1>         ;-----------------------------------------
     5 000001A0 55                  <1>         push ebp
     6 000001A1 89E5                <1>         mov ebp, esp
     7                              <1> 
     8                              <1>         ;-----------------------------------------
     9                              <1>         ; 【レジスタの保存】
    10                              <1>         ;-----------------------------------------
    11 000001A3 50                  <1>         push eax
    12 000001A4 53                  <1>         push ebx
    13 000001A5 51                  <1>         push ecx
    14 000001A6 52                  <1>         push edx
    15 000001A7 56                  <1>         push esi
    16 000001A8 57                  <1>         push edi
    17                              <1> 
    18                              <1>         ;-----------------------------------------
    19                              <1>         ; 基準となる位置をレジスタに保存
    20                              <1>         ;-----------------------------------------
    21 000001A9 8B7508              <1>         mov esi, [ebp + 8]
    22 000001AC 8B7D0C              <1>         mov edi, [ebp + 12]
    23                              <1> 
    24                              <1>         ;-----------------------------------------
    25                              <1>         ; フォントを一覧表示する
    26                              <1>         ;-----------------------------------------
    27 000001AF B900000000          <1>         mov ecx, 0
    28                              <1> .10L:
    29 000001B4 81F900010000        <1>         cmp ecx, 256
    30 000001BA 731F                <1>         jae .10E
    31                              <1> 
    32 000001BC 89C8                <1>         mov eax, ecx
    33 000001BE 83E00F              <1>         and eax, 0x0F
    34 000001C1 01F0                <1>         add eax, esi
    35                              <1> 
    36 000001C3 89CB                <1>         mov ebx, ecx
    37 000001C5 C1EB04              <1>         shr ebx, 4
    38 000001C8 01FB                <1>         add ebx, edi
    39                              <1> 
    40 000001CA 516A075350E801FFFF- <1>         cdecl draw_char, eax, ebx, 0x07, ecx
    40 000001D3 FF6683C410          <1>
    41                              <1> 
    42 000001D8 41                  <1>         inc ecx
    43 000001D9 EBD9                <1>         jmp .10L
    44                              <1> .10E:
    45                              <1> 
    46                              <1>         ;-----------------------------------------
    47                              <1>         ; 【レジスタの復帰】
    48                              <1>         ;-----------------------------------------
    49 000001DB 5F                  <1>         pop edi
    50 000001DC 5E                  <1>         pop esi
    51 000001DD 5A                  <1>         pop edx
    52 000001DE 59                  <1>         pop ecx
    53 000001DF 5B                  <1>         pop ebx
    54 000001E0 58                  <1>         pop eax
    55                              <1> 
    56                              <1>         ;-----------------------------------------
    57                              <1>         ; 【スタックフレームの破棄】
    58                              <1>         ;-----------------------------------------
    59 000001E1 89EC                <1>         mov esp, ebp
    60 000001E3 5D                  <1>         pop ebp
    61                              <1> 
    62 000001E4 C3                  <1>         ret
    50                                  %include "../modules/protect/draw_str.s"
     1                              <1> draw_str:
     2                              <1>     ;---------------------------
     3                              <1>     ; スタックフレーム構築
     4                              <1>     ;---------------------------
     5 000001E5 55                  <1>     push ebp
     6 000001E6 89E5                <1>     mov ebp, esp
     7                              <1> 
     8                              <1>     ;---------------------------
     9                              <1>     ; レジスタの保存
    10                              <1>     ;---------------------------
    11 000001E8 50                  <1>     push eax
    12 000001E9 53                  <1>     push ebx
    13 000001EA 51                  <1>     push ecx
    14 000001EB 52                  <1>     push edx
    15 000001EC 56                  <1>     push esi
    16                              <1> 
    17                              <1>     ;---------------------------
    18                              <1>     ; 文字列を描画する
    19                              <1>     ;---------------------------
    20 000001ED 8B4D08              <1>     mov ecx, [ebp + 8]              ; ECX = 列;
    21 000001F0 8B550C              <1>     mov edx, [ebp + 12]             ; EDX = 行;
    22 000001F3 0FB75D10            <1>     movzx ebx, word [ebp + 16]      ; EBX = 表示色;
    23 000001F7 8B7514              <1>     mov esi, [ebp + 20]             ; ESI = 文字列へのアドレス;
    24                              <1> 
    25 000001FA FC                  <1>     cld                             ; DF = 0; // アドレス加算
    26                              <1> .10L:                               ; do
    27                              <1>                                     ; {
    28 000001FB AC                  <1>     lodsb                           ;   AL = *ESI++; // 文字を取得
    29 000001FC 3C00                <1>     cmp al, 0                       ;   if (0 == AL)
    30 000001FE 7425                <1>     je .10E                         ;       break;
    31                              <1> 
    32 00000200 50535251E8CCFEFFFF- <1>     cdecl draw_char, ecx, edx, ebx, eax ; draw_char();
    32 00000209 6683C410            <1>
    33                              <1> 
    34 0000020D 41                  <1>     inc ecx                         ;   ECX = 0; // 列を加算
    35 0000020E 83F950              <1>     cmp ecx, 80                     ;   if (80 <= ECX) // 80文字以上?
    36 00000211 7C10                <1>     jl .12E                         ;   {
    37 00000213 B900000000          <1>     mov ecx, 0                      ;       ECX = 0; // 列を初期化
    38 00000218 42                  <1>     inc edx                         ;       EDX++; // 行を加算
    39 00000219 83FA1E              <1>     cmp edx, 30                     ;       if (30 <= EDX) // 30行以上?
    40 0000021C 7C05                <1>     jl .12E                         ;       {
    41 0000021E BA00000000          <1>     mov edx, 0                      ;           EDX = 0; // 行を初期化
    42                              <1>                                     ;       }
    43                              <1> .12E:                               ;   }
    44 00000223 EBD6                <1>     jmp .10L
    45                              <1> .10E:                               ; } while (1);
    46                              <1> 
    47                              <1>     ;-----------------------------------------
    48                              <1>     ; 【レジスタの復帰】
    49                              <1>     ;-----------------------------------------
    50 00000225 5E                  <1>     pop esi
    51 00000226 5A                  <1>     pop edx
    52 00000227 59                  <1>     pop ecx
    53 00000228 5B                  <1>     pop ebx
    54 00000229 58                  <1>     pop eax
    55                              <1> 
    56                              <1>     ;-----------------------------------------
    57                              <1>     ; 【スタックフレームの破棄】
    58                              <1>     ;-----------------------------------------
    59 0000022A 89EC                <1>     mov esp, ebp
    60 0000022C 5D                  <1>     pop ebp
    61                              <1> 
    62 0000022D C3                  <1>     ret
    51                                  
    52                                  ;***********************************************************
    53                                  ;  パディング
    54                                  ;***********************************************************
    55 0000022E 00<rept>                        times KERNEL_SIZE - ($ - $$) db 0
