     1                                  ;***********************************************************
     2                                  ;  マクロ
     3                                  ;***********************************************************
     4                                  %include "../include/define.s"
     1                              <1> BOOT_SIZE equ (1024 * 8)                    ; ブートコードサイズ
     2                              <1> KERNEL_SIZE equ (1024 * 8)                  ; カーネルサイズ
     3                              <1> 
     4                              <1> BOOT_LOAD equ 0x7C00                        ; ブートプログラムのロード位置
     5                              <1> BOOT_END equ (BOOT_LOAD + BOOT_SIZE)
     6                              <1> 
     7                              <1> SECT_SIZE equ (512)                         ; セクタサイズ
     8                              <1> 
     9                              <1> BOOT_SECT equ (BOOT_SIZE / SECT_SIZE)       ; ブートプログラムのセクタ数
    10                              <1> KERNEL_SECT equ (KERNEL_SIZE / SECT_SIZE)
    11                              <1> 
    12                              <1> E820_RECORD_SIZE equ 20
    13                              <1> 
    14                              <1> KERNEL_LOAD equ 0x0010_1000
    15                              <1> 
     5                                  %include "../include/macro.s"
     1                              <1> %macro cdecl 1-*.nolist
     2                              <1> 
     3                              <1>     %rep %0 - 1
     4                              <1>         push %{-1:-1}
     5                              <1>         %rotate - 1
     6                              <1>     %endrep
     7                              <1>     %rotate - 1
     8                              <1> 
     9                              <1>         call %1
    10                              <1> 
    11                              <1>     %if 1 < %0
    12                              <1>         add sp, (__BITS__ >> 3) * (%0 - 1)
    13                              <1>     %endif
    14                              <1> 
    15                              <1> %endmacro
    16                              <1> 
    17                              <1> struc drive
    18 00000000 <res 00000002>      <1>     .no resw 1      ; ドライブ番号
    19 00000002 <res 00000002>      <1>     .cyln resw 1    ; シリンダ
    20 00000004 <res 00000002>      <1>     .head resw 1    ; ヘッド
    21 00000006 <res 00000002>      <1>     .sect resw 1    ; セクタ
    22                              <1> endstruc
     6                                  
     7                                          ORG KERNEL_LOAD
     8                                  
     9                                  [BITS 32]
    10                                  ;***********************************************************
    11                                  ;  エントリポイント
    12                                  ;***********************************************************
    13                                  kernel:
    14                                          ;------------------------------------------
    15                                          ; フォントアドレスを取得
    16                                          ;------------------------------------------
    17 00000000 BE007E0000                      mov esi, BOOT_LOAD + SECT_SIZE
    18 00000005 0FB706                          movzx eax, word[esi + 0]
    19 00000008 0FB75E02                        movzx ebx, word[esi + 2]
    20 0000000C C1E004                          shl eax, 4
    21 0000000F 01D8                            add eax, ebx
    22 00000011 A3[58000000]                    mov [FONT_ADR], eax
    23                                  
    24                                          ;------------------------------------------
    25                                          ; フォントの一覧表示
    26                                          ;------------------------------------------
    27 00000016 6A0D6A3FE88D010000-             cdecl draw_font, 63, 13
    27 0000001F 6683C408           
    28 00000023 6A046A3FE80E020000-             cdecl draw_color_bar, 63, 4
    28 0000002C 6683C408           
    29                                  
    30                                          ;------------------------------------------
    31                                          ; 文字列を描画
    32                                          ;------------------------------------------
    33 00000030 68[49000000]680F01-             cdecl draw_str, 25, 14, 0x010F, .s0             ; draw_str();
    33 00000038 00006A0E6A19E8AE01-
    33 00000041 00006683C410       
    34                                  
    35                                          ;------------------------------------------
    36                                          ; 処理の終了
    37                                          ;------------------------------------------
    38 00000047 EBFE                            jmp $
    39                                  
    40 00000049 48656C6C6F2C206B65-     .s0 db "Hello, kernel!", 0
    40 00000052 726E656C2100       
    41                                  
    42                                  ALIGN 4, db 0
    43 00000058 00000000                FONT_ADR: dd 0
    44                                  
    45                                  ;***********************************************************
    46                                  ;  モジュール
    47                                  ;***********************************************************
    48                                  %include "../modules/protect/vga.s"
     1                              <1> vga_set_read_plane:
     2                              <1>         ;-----------------------------------------
     3                              <1>         ; 【スタックフレームの構築】
     4                              <1>         ;-----------------------------------------
     5 0000005C 55                  <1>         push ebp
     6 0000005D 89E5                <1>         mov ebp, esp
     7                              <1> 
     8                              <1>         ;-----------------------------------------
     9                              <1>         ; 【レジスタの保存】
    10                              <1>         ;-----------------------------------------
    11 0000005F 50                  <1>         push eax
    12 00000060 52                  <1>         push edx
    13                              <1> 
    14                              <1>         ;-----------------------------------------
    15                              <1>         ; 読み込みプレーンの選択
    16                              <1>         ;-----------------------------------------
    17 00000061 8A6508              <1>         mov ah, [ebp + 8]
    18 00000064 80E403              <1>         and ah, 0x03
    19 00000067 B004                <1>         mov al, 0x04
    20 00000069 66BACE03            <1>         mov dx, 0x03CE
    21 0000006D 66EF                <1>         out dx, ax
    22                              <1> 
    23                              <1>         ;-----------------------------------------
    24                              <1>         ; 【レジスタの復帰】
    25                              <1>         ;-----------------------------------------
    26 0000006F 5A                  <1>         pop edx
    27 00000070 58                  <1>         pop eax
    28                              <1> 
    29                              <1>         ;-----------------------------------------
    30                              <1>         ; 【スタックフレームの破棄】
    31                              <1>         ;-----------------------------------------
    32 00000071 89EC                <1>         mov esp, ebp
    33 00000073 5D                  <1>         pop ebp
    34                              <1> 
    35 00000074 C3                  <1>         ret
    36                              <1> 
    37                              <1> vga_set_write_plane:
    38                              <1>         ;-----------------------------------------
    39                              <1>         ; 【スタックフレームの構築】
    40                              <1>         ;-----------------------------------------
    41 00000075 55                  <1>         push ebp
    42 00000076 89E5                <1>         mov ebp, esp
    43                              <1> 
    44                              <1>         ;-----------------------------------------
    45                              <1>         ; 【レジスタの保存】
    46                              <1>         ;-----------------------------------------
    47 00000078 50                  <1>         push eax
    48 00000079 52                  <1>         push edx
    49                              <1> 
    50                              <1>         ;-----------------------------------------
    51                              <1>         ; 書き込みプレーンの選択
    52                              <1>         ;-----------------------------------------
    53 0000007A 8A6508              <1>         mov ah, [ebp + 8]
    54 0000007D 80E40F              <1>         and ah, 0x0F
    55 00000080 B002                <1>         mov al, 0x02
    56 00000082 66BAC403            <1>         mov dx, 0x03C4
    57 00000086 66EF                <1>         out dx, ax
    58                              <1> 
    59                              <1>         ;-----------------------------------------
    60                              <1>         ; 【レジスタの復帰】
    61                              <1>         ;-----------------------------------------
    62 00000088 5A                  <1>         pop edx
    63 00000089 58                  <1>         pop eax
    64                              <1> 
    65                              <1>         ;-----------------------------------------
    66                              <1>         ; 【スタックフレームの破棄】
    67                              <1>         ;-----------------------------------------
    68 0000008A 89EC                <1>         mov esp, ebp
    69 0000008C 5D                  <1>         pop ebp
    70                              <1> 
    71 0000008D C3                  <1>         ret
    72                              <1> 
    73                              <1> vram_font_copy:
    74                              <1>         ;-----------------------------------------
    75                              <1>         ; 【スタックフレームの構築】
    76                              <1>         ;-----------------------------------------
    77 0000008E 55                  <1>         push ebp
    78 0000008F 89E5                <1>         mov ebp, esp
    79                              <1> 
    80                              <1>         ;-----------------------------------------
    81                              <1>         ; 【レジスタの保存】
    82                              <1>         ;-----------------------------------------
    83 00000091 50                  <1>         push eax
    84 00000092 53                  <1>         push ebx
    85 00000093 51                  <1>         push ecx
    86 00000094 52                  <1>         push edx
    87 00000095 56                  <1>         push esi
    88 00000096 57                  <1>         push edi
    89                              <1> 
    90                              <1>         ;-----------------------------------------
    91                              <1>         ; マスクデータの作成
    92                              <1>         ;-----------------------------------------
    93 00000097 8B7508              <1>         mov esi, [ebp + 8]
    94 0000009A 8B7D0C              <1>         mov edi, [ebp + 12]
    95 0000009D 0FB64510            <1>         movzx eax, byte [ebp + 16]
    96 000000A1 0FB75D14            <1>         movzx ebx, word [ebp + 20]
    97                              <1> 
    98 000000A5 84C7                <1>         test bh, al
    99 000000A7 0F94C6              <1>         setz dh
   100 000000AA FECE                <1>         dec dh
   101                              <1> 
   102 000000AC 84C3                <1>         test bl, al
   103 000000AE 0F94C2              <1>         setz dl
   104 000000B1 FECA                <1>         dec dl
   105                              <1> 
   106                              <1>         ;-----------------------------------------
   107                              <1>         ; 16ドットフォントのコピー
   108                              <1>         ;-----------------------------------------
   109 000000B3 FC                  <1>         cld
   110                              <1> 
   111 000000B4 B910000000          <1>         mov ecx, 16
   112                              <1> .10L:
   113                              <1> 
   114                              <1>         ;-----------------------------------------
   115                              <1>         ; フォントマスクの作成
   116                              <1>         ;-----------------------------------------
   117 000000B9 AC                  <1>         lodsb
   118 000000BA 88C4                <1>         mov ah, al
   119 000000BC F6D4                <1>         not ah
   120                              <1> 
   121                              <1>         ;-----------------------------------------
   122                              <1>         ; 前景色
   123                              <1>         ;-----------------------------------------
   124 000000BE 20D0                <1>         and al, dl
   125                              <1> 
   126                              <1>         ;-----------------------------------------
   127                              <1>         ; 背景色
   128                              <1>         ;-----------------------------------------
   129 000000C0 F7C310000000        <1>         test ebx, 0x0010
   130 000000C6 7404                <1>         jz .11F
   131 000000C8 2227                <1>         and ah, [edi]
   132 000000CA EB02                <1>         jmp .11E
   133                              <1> .11F:
   134 000000CC 20F4                <1>         and ah, dh
   135                              <1> .11E:
   136                              <1> 
   137                              <1>         ;-----------------------------------------
   138                              <1>         ; 前景色と背景色をコピー
   139                              <1>         ;-----------------------------------------
   140 000000CE 08E0                <1>         or al, ah
   141                              <1> 
   142                              <1>         ;-----------------------------------------
   143                              <1>         ; 新しい値を出力
   144                              <1>         ;-----------------------------------------
   145 000000D0 8807                <1>         mov [edi], al
   146                              <1> 
   147 000000D2 83C750              <1>         add edi, 80
   148 000000D5 E2E2                <1>         loop .10L
   149                              <1> .10E:
   150                              <1> 
   151                              <1>         ;-----------------------------------------
   152                              <1>         ; 【レジスタの復帰】
   153                              <1>         ;-----------------------------------------
   154 000000D7 5F                  <1>         pop edi
   155 000000D8 5E                  <1>         pop esi
   156 000000D9 5A                  <1>         pop edx
   157 000000DA 59                  <1>         pop ecx
   158 000000DB 5B                  <1>         pop ebx
   159 000000DC 58                  <1>         pop eax
   160                              <1> 
   161                              <1>         ;-----------------------------------------
   162                              <1>         ; 【スタックフレームの破棄】
   163                              <1>         ;-----------------------------------------
   164 000000DD 89EC                <1>         mov esp, ebp
   165 000000DF 5D                  <1>         pop ebp
   166                              <1> 
   167 000000E0 C3                  <1>         ret
    49                                  %include "../modules/protect/draw_char.s"
     1                              <1> draw_char:
     2                              <1>         ;-----------------------------------------
     3                              <1>         ; 【スタックフレームの構築】
     4                              <1>         ;-----------------------------------------
     5 000000E1 55                  <1>         push ebp
     6 000000E2 89E5                <1>         mov ebp, esp
     7                              <1> 
     8                              <1>         ;-----------------------------------------
     9                              <1>         ; 【レジスタの保存】
    10                              <1>         ;-----------------------------------------
    11 000000E4 50                  <1>         push eax
    12 000000E5 53                  <1>         push ebx
    13 000000E6 51                  <1>         push ecx
    14 000000E7 52                  <1>         push edx
    15 000000E8 56                  <1>         push esi
    16 000000E9 57                  <1>         push edi
    17                              <1> 
    18                              <1>         ;-----------------------------------------
    19                              <1>         ; テストアンドセット
    20                              <1>         ;-----------------------------------------
    21                              <1> %ifdef	USE_TEST_AND_SET
    22                              <1>         cdecl test_and_set, IN_USE
    23                              <1> %endif
    24                              <1> 
    25                              <1>         ;-----------------------------------------
    26                              <1>         ; コピー元フォントアドレスを設定
    27                              <1>         ;-----------------------------------------
    28 000000EA 0FB67514            <1>         movzx esi, byte [ebp + 20]
    29 000000EE C1E604              <1>         shl esi, 4
    30 000000F1 0335[58000000]      <1>         add esi, [FONT_ADR]
    31                              <1> 
    32                              <1>         ;-----------------------------------------
    33                              <1>         ; コピー先アドレスを取得
    34                              <1>         ; Adr = 0xA0000 + (640 / 8 * 16) * y + x
    35                              <1>         ;-----------------------------------------
    36 000000F7 8B7D0C              <1>         mov edi, [ebp + 12]
    37 000000FA C1E708              <1>         shl edi, 8
    38 000000FD 8DBCBF00000A00      <1>         lea edi, [edi * 4 + edi + 0xA0000]
    39 00000104 037D08              <1>         add edi, [ebp + 8]
    40                              <1> 
    41                              <1>         ;-----------------------------------------
    42                              <1>         ; 1文字分のフォントを出力
    43                              <1>         ;-----------------------------------------
    44 00000107 0FB75D10            <1>         movzx ebx, word[ebp + 16]
    45                              <1> 
    46 0000010B 6A03E84AFFFFFF6683- <1>         cdecl vga_set_read_plane, 0x03
    46 00000114 C404                <1>
    47 00000116 6A08E858FFFFFF6683- <1>         cdecl vga_set_write_plane, 0x08
    47 0000011F C404                <1>
    48 00000121 536A085756E863FFFF- <1>         cdecl vram_font_copy, esi, edi, 0x08, ebx
    48 0000012A FF6683C410          <1>
    49                              <1> 
    50 0000012F 6A02E826FFFFFF6683- <1>         cdecl vga_set_read_plane, 0x02
    50 00000138 C404                <1>
    51 0000013A 6A04E834FFFFFF6683- <1>         cdecl vga_set_write_plane, 0x04
    51 00000143 C404                <1>
    52 00000145 536A045756E83FFFFF- <1>         cdecl vram_font_copy, esi, edi, 0x04, ebx
    52 0000014E FF6683C410          <1>
    53                              <1> 
    54 00000153 6A01E802FFFFFF6683- <1>         cdecl vga_set_read_plane, 0x01
    54 0000015C C404                <1>
    55 0000015E 6A02E810FFFFFF6683- <1>         cdecl vga_set_write_plane, 0x02
    55 00000167 C404                <1>
    56 00000169 536A025756E81BFFFF- <1>         cdecl vram_font_copy, esi, edi, 0x02, ebx
    56 00000172 FF6683C410          <1>
    57                              <1> 
    58 00000177 6A00E8DEFEFFFF6683- <1>         cdecl vga_set_read_plane, 0x00
    58 00000180 C404                <1>
    59 00000182 6A01E8ECFEFFFF6683- <1>         cdecl vga_set_write_plane, 0x01
    59 0000018B C404                <1>
    60 0000018D 536A015756E8F7FEFF- <1>         cdecl vram_font_copy, esi, edi, 0x01, ebx
    60 00000196 FF6683C410          <1>
    61                              <1> 
    62                              <1>         ;-----------------------------------------
    63                              <1>         ; 変数のクリア
    64                              <1>         ;-----------------------------------------
    65                              <1> %ifdef	USE_TEST_AND_SET
    66                              <1>         mov [IN_USE], dword 0
    67                              <1> %endif
    68                              <1> 
    69                              <1>         ;-----------------------------------------
    70                              <1>         ; 【レジスタの復帰】
    71                              <1>         ;-----------------------------------------
    72 0000019B 5F                  <1>         pop edi
    73 0000019C 5E                  <1>         pop esi
    74 0000019D 5A                  <1>         pop edx
    75 0000019E 59                  <1>         pop ecx
    76 0000019F 5B                  <1>         pop ebx
    77 000001A0 58                  <1>         pop eax
    78                              <1> 
    79                              <1>         ;-----------------------------------------
    80                              <1>         ; 【スタックフレームの破棄】
    81                              <1>         ;-----------------------------------------
    82 000001A1 89EC                <1>         mov esp, ebp
    83 000001A3 5D                  <1>         pop ebp
    84                              <1> 
    85 000001A4 C3                  <1>         ret
    86                              <1> 
    87 000001A5 00<rept>            <1> ALIGN 4, db 0
    88 000001A8 00000000            <1> IN_USE:	dd 0
    50                                  %include "../modules/protect/draw_font.s"
     1                              <1> draw_font:
     2                              <1>         ;-----------------------------------------
     3                              <1>         ; 【スタックフレームの構築】
     4                              <1>         ;-----------------------------------------
     5 000001AC 55                  <1>         push ebp
     6 000001AD 89E5                <1>         mov ebp, esp
     7                              <1> 
     8                              <1>         ;-----------------------------------------
     9                              <1>         ; 【レジスタの保存】
    10                              <1>         ;-----------------------------------------
    11 000001AF 50                  <1>         push eax
    12 000001B0 53                  <1>         push ebx
    13 000001B1 51                  <1>         push ecx
    14 000001B2 52                  <1>         push edx
    15 000001B3 56                  <1>         push esi
    16 000001B4 57                  <1>         push edi
    17                              <1> 
    18                              <1>         ;-----------------------------------------
    19                              <1>         ; 基準となる位置をレジスタに保存
    20                              <1>         ;-----------------------------------------
    21 000001B5 8B7508              <1>         mov esi, [ebp + 8]
    22 000001B8 8B7D0C              <1>         mov edi, [ebp + 12]
    23                              <1> 
    24                              <1>         ;-----------------------------------------
    25                              <1>         ; フォントを一覧表示する
    26                              <1>         ;-----------------------------------------
    27 000001BB B900000000          <1>         mov ecx, 0
    28                              <1> .10L:
    29 000001C0 81F900010000        <1>         cmp ecx, 256
    30 000001C6 731F                <1>         jae .10E
    31                              <1> 
    32 000001C8 89C8                <1>         mov eax, ecx
    33 000001CA 83E00F              <1>         and eax, 0x0F
    34 000001CD 01F0                <1>         add eax, esi
    35                              <1> 
    36 000001CF 89CB                <1>         mov ebx, ecx
    37 000001D1 C1EB04              <1>         shr ebx, 4
    38 000001D4 01FB                <1>         add ebx, edi
    39                              <1> 
    40 000001D6 516A075350E801FFFF- <1>         cdecl draw_char, eax, ebx, 0x07, ecx
    40 000001DF FF6683C410          <1>
    41                              <1> 
    42 000001E4 41                  <1>         inc ecx
    43 000001E5 EBD9                <1>         jmp .10L
    44                              <1> .10E:
    45                              <1> 
    46                              <1>         ;-----------------------------------------
    47                              <1>         ; 【レジスタの復帰】
    48                              <1>         ;-----------------------------------------
    49 000001E7 5F                  <1>         pop edi
    50 000001E8 5E                  <1>         pop esi
    51 000001E9 5A                  <1>         pop edx
    52 000001EA 59                  <1>         pop ecx
    53 000001EB 5B                  <1>         pop ebx
    54 000001EC 58                  <1>         pop eax
    55                              <1> 
    56                              <1>         ;-----------------------------------------
    57                              <1>         ; 【スタックフレームの破棄】
    58                              <1>         ;-----------------------------------------
    59 000001ED 89EC                <1>         mov esp, ebp
    60 000001EF 5D                  <1>         pop ebp
    61                              <1> 
    62 000001F0 C3                  <1>         ret
    51                                  %include "../modules/protect/draw_str.s"
     1                              <1> draw_str:
     2                              <1>     ;---------------------------
     3                              <1>     ; スタックフレーム構築
     4                              <1>     ;---------------------------
     5 000001F1 55                  <1>     push ebp
     6 000001F2 89E5                <1>     mov ebp, esp
     7                              <1> 
     8                              <1>     ;---------------------------
     9                              <1>     ; レジスタの保存
    10                              <1>     ;---------------------------
    11 000001F4 50                  <1>     push eax
    12 000001F5 53                  <1>     push ebx
    13 000001F6 51                  <1>     push ecx
    14 000001F7 52                  <1>     push edx
    15 000001F8 56                  <1>     push esi
    16                              <1> 
    17                              <1>     ;---------------------------
    18                              <1>     ; 文字列を描画する
    19                              <1>     ;---------------------------
    20 000001F9 8B4D08              <1>     mov ecx, [ebp + 8]              ; ECX = 列;
    21 000001FC 8B550C              <1>     mov edx, [ebp + 12]             ; EDX = 行;
    22 000001FF 0FB75D10            <1>     movzx ebx, word [ebp + 16]      ; EBX = 表示色;
    23 00000203 8B7514              <1>     mov esi, [ebp + 20]             ; ESI = 文字列へのアドレス;
    24                              <1> 
    25 00000206 FC                  <1>     cld                             ; DF = 0; // アドレス加算
    26                              <1> .10L:                               ; do
    27                              <1>                                     ; {
    28 00000207 AC                  <1>     lodsb                           ;   AL = *ESI++; // 文字を取得
    29 00000208 3C00                <1>     cmp al, 0                       ;   if (0 == AL)
    30 0000020A 7425                <1>     je .10E                         ;       break;
    31                              <1> 
    32 0000020C 50535251E8CCFEFFFF- <1>     cdecl draw_char, ecx, edx, ebx, eax ; draw_char();
    32 00000215 6683C410            <1>
    33                              <1> 
    34 00000219 41                  <1>     inc ecx                         ;   ECX = 0; // 列を加算
    35 0000021A 83F950              <1>     cmp ecx, 80                     ;   if (80 <= ECX) // 80文字以上?
    36 0000021D 7C10                <1>     jl .12E                         ;   {
    37 0000021F B900000000          <1>     mov ecx, 0                      ;       ECX = 0; // 列を初期化
    38 00000224 42                  <1>     inc edx                         ;       EDX++; // 行を加算
    39 00000225 83FA1E              <1>     cmp edx, 30                     ;       if (30 <= EDX) // 30行以上?
    40 00000228 7C05                <1>     jl .12E                         ;       {
    41 0000022A BA00000000          <1>     mov edx, 0                      ;           EDX = 0; // 行を初期化
    42                              <1>                                     ;       }
    43                              <1> .12E:                               ;   }
    44 0000022F EBD6                <1>     jmp .10L
    45                              <1> .10E:                               ; } while (1);
    46                              <1> 
    47                              <1>     ;-----------------------------------------
    48                              <1>     ; 【レジスタの復帰】
    49                              <1>     ;-----------------------------------------
    50 00000231 5E                  <1>     pop esi
    51 00000232 5A                  <1>     pop edx
    52 00000233 59                  <1>     pop ecx
    53 00000234 5B                  <1>     pop ebx
    54 00000235 58                  <1>     pop eax
    55                              <1> 
    56                              <1>     ;-----------------------------------------
    57                              <1>     ; 【スタックフレームの破棄】
    58                              <1>     ;-----------------------------------------
    59 00000236 89EC                <1>     mov esp, ebp
    60 00000238 5D                  <1>     pop ebp
    61                              <1> 
    62 00000239 C3                  <1>     ret
    52                                  %include "../modules/protect/draw_color_bar.s"
     1                              <1> draw_color_bar:
     2                              <1>     ;---------------------------
     3                              <1>     ; スタックフレーム構築
     4                              <1>     ;---------------------------
     5 0000023A 55                  <1>     push ebp
     6 0000023B 89E5                <1>     mov ebp, esp
     7                              <1> 
     8                              <1>     ;---------------------------
     9                              <1>     ; レジスタの保存
    10                              <1>     ;---------------------------
    11 0000023D 50                  <1>     push eax
    12 0000023E 53                  <1>     push ebx
    13 0000023F 51                  <1>     push ecx
    14 00000240 52                  <1>     push edx
    15 00000241 56                  <1>     push esi
    16                              <1> 
    17                              <1>     ;-----------------------------------------
    18                              <1>     ; 基準となる位置をレジスタに保存
    19                              <1>     ;-----------------------------------------
    20 00000242 8B7508              <1>     mov esi, [ebp + 8]
    21 00000245 8B7D0C              <1>     mov edi, [ebp + 12]
    22                              <1> 
    23                              <1>     ;---------------------------
    24                              <1>     ; カラーバーを表示
    25                              <1>     ;---------------------------
    26 00000248 B900000000          <1>     mov ecx, 0                      ; for (ECX = 0;
    27                              <1> .10L:
    28 0000024D 83F910              <1>     cmp ecx, 16                     ;      ECX < 16;
    29 00000250 732E                <1>     jae .10E                        ;
    30                              <1>                                     ;      ECX++)
    31                              <1>                                     ; {
    32 00000252 89C8                <1>     mov eax, ecx                    ;   EAX = ECX;
    33 00000254 83E001              <1>     and eax, 0x01                   ;   EAX &= 0x01;
    34 00000257 C1E003              <1>     shl eax, 3                      ;   EAX *= 8; // 8文字分乗算
    35 0000025A 01F0                <1>     add eax, esi                    ;   EAX += X;
    36                              <1> 
    37 0000025C 89CB                <1>     mov ebx, ecx                    ;   EBX = ECX;
    38 0000025E D1EB                <1>     shr ebx, 1                      ;   EBX /= 2
    39 00000260 01FB                <1>     add ebx, edi                    ;   EBX += Y;
    40                              <1> 
    41 00000262 89CA                <1>     mov edx, ecx                    ;   EDX = ECX;
    42 00000264 D1E2                <1>     shl edx, 1                      ;   EDX /= 2;
    43 00000266 8B92[93020000]      <1>     mov edx, [.t0 + edx]            ;   EDX += Y;
    44                              <1> 
    45 0000026C 68[8A020000]525350- <1>     cdecl draw_str, eax, ebx, edx, .s0 ; draw_str();
    45 00000274 E878FFFFFF6683C410  <1>
    46                              <1> 
    47 0000027D 41                  <1>     inc ecx                         ; // for (...ECX++)
    48 0000027E EBCD                <1>     jmp .10L
    49                              <1> .10E:                               ; }
    50                              <1> 
    51                              <1>     ;-----------------------------------------
    52                              <1>     ; 【レジスタの復帰】
    53                              <1>     ;-----------------------------------------
    54 00000280 5F                  <1>     pop edi
    55 00000281 5E                  <1>     pop esi
    56 00000282 5A                  <1>     pop edx
    57 00000283 59                  <1>     pop ecx
    58 00000284 5B                  <1>     pop ebx
    59 00000285 58                  <1>     pop eax
    60                              <1> 
    61                              <1>     ;-----------------------------------------
    62                              <1>     ; 【スタックフレームの破棄】
    63                              <1>     ;-----------------------------------------
    64 00000286 89EC                <1>     mov esp, ebp
    65 00000288 5D                  <1>     pop ebp
    66                              <1> 
    67 00000289 C3                  <1>     ret
    68                              <1> 
    69 0000028A 202020202020202000  <1> .s0:    db '        ', 0
    70 00000293 00000008            <1> .t0:    dw 0x0000, 0x0800
    71 00000297 00010009            <1>         dw 0x0100, 0x0900
    72 0000029B 0002000A            <1>         dw 0x0200, 0x0A00
    73 0000029F 0003000B            <1>         dw 0x0300, 0x0B00
    74 000002A3 0004000C            <1>         dw 0x0400, 0x0C00
    75 000002A7 0005000D            <1>         dw 0x0500, 0x0D00
    76 000002AB 0006000E            <1>         dw 0x0600, 0x0E00
    77 000002AF 0007000F            <1>         dw 0x0700, 0x0F00
    53                                  
    54                                  ;***********************************************************
    55                                  ;  パディング
    56                                  ;***********************************************************
    57 000002B3 00<rept>                        times KERNEL_SIZE - ($ - $$) db 0
